================================================================================
🚀 最终测试：验证盲扫模式的换手率和量比
================================================================================
python : 
At line:1 char:20
+ ... d E:\MyQuantTool; python test_halfway_final.py > test_output.txt 2>&1
+                       ~~~~~~~~~~~~~~~~~~~~~~~~~~~~~~~~~~~~~~~~~~~~~~~~~~~
    + CategoryInfo          : NotSpecified: (:String) [], RemoteException
    + FullyQualifiedErrorId : NativeCommandError
 
  0%|          | 0/15 [00:00<?, ?it/s]
  7%|▋         | 1/15 [00:00<00:06,  2.17it/s]
 13%|█▎        | 2/15 [00:00<00:05,  2.17it/s]
 20%|██        | 3/15 [00:01<00:05,  2.09it/s]
 27%|██▋       | 4/15 [00:01<00:05,  2.08it/s]
 33%|███▎      | 5/15 [00:02<00:04,  2.13it/s]
 40%|████      | 6/15 [00:02<00:04,  2.17it/s]
 47%|████▋     | 7/15 [00:03<00:03,  2.20it/s]
 53%|█████▎    | 8/15 [00:03<00:03,  2.07it/s]
 60%|██████    | 9/15 [00:04<00:02,  2.12it/s]
 67%|██████▋   | 10/15 [00:04<00:02,  2.14it/s]
 73%|███████▎  | 11/15 [00:05<00:01,  2.19it/s]
 80%|████████  | 12/15 [00:05<00:01,  2.25it/s]
 87%|████████▋ | 13/15 [00:05<00:00,  2.25it/s]
 93%|█████████▎| 14/15 [00:06<00:00,  2.21it/s]
100%|██████████| 15/15 [00:06<00:00,  2.17it/s]
2026-01-21 14:04:39,342 - logic.data_manager - INFO - [data_manager.py:70] - 初始化 DataManager，模式: live
2026-01-21 14:04:39,347 - logic.realtime_data_provider - INFO - [realtime_data_provider.py:74] - 🔄 [V18.6.1] DDE 后台线程开始运行
2026-01-21 14:04:39,347 - logic.realtime_data_provider - INFO - [realtime_data_provider.py:64] - ✅ [V18.6.1] DDE 后台线程已启动
2026-01-21 14:04:39,347 - logic.data_manager - INFO - [data_manager.py:87] - ✅ 数据提供者初始化成功: live
2026-01-21 14:04:39,347 - logic.data_manager - INFO - [data_manager.py:81] - DataManager 初始化完成
2026-01-21 14:04:39,347 - logic.algo - INFO - [algo.py:3846] - 🚀 开始扫描半路板 (Pool: 5473)...
2026-01-21 14:04:39,356 - logic.realtime_data_provider - INFO - [realtime_data_provider.py:197] - 🚀 [盲扫模式] 开始批次处理，共 5473 只股票，274 个批次
2026-01-21 14:04:39,357 - logic.realtime_data_provider - INFO - [realtime_data_provider.py:203] - 📊 [批次 1/274] 正在扫描 20 只股票...
2026-01-21 14:04:39,386 - logic.realtime_data_provider - INFO - [realtime_data_provider.py:211] - ✅ [批次 1] 成功获取 20 只股票数据
2026-01-21 14:04:39,397 - logic.realtime_data_provider - INFO - [realtime_data_provider.py:203] - 📊 [批次 2/274] 正在扫描 20 只股票...
2026-01-21 14:04:39,425 - logic.realtime_data_provider - INFO - [realtime_data_provider.py:211] - ✅ [批次 2] 成功获取 20 只股票数据
2026-01-21 14:04:39,436 - logic.realtime_data_provider - INFO - [realtime_data_provider.py:203] - 📊 [批次 3/274] 正在扫描 20 只股票...
2026-01-21 14:04:39,465 - logic.realtime_data_provider - INFO - [realtime_data_provider.py:211] - ✅ [批次 3] 成功获取 20 只股票数据
2026-01-21 14:04:39,475 - logic.realtime_data_provider - INFO - [realtime_data_provider.py:203] - 📊 [批次 4/274] 正在扫描 20 只股票...
2026-01-21 14:04:39,504 - logic.realtime_data_provider - INFO - [realtime_data_provider.py:211] - ✅ [批次 4] 成功获取 20 只股票数据
2026-01-21 14:04:39,515 - logic.realtime_data_provider - INFO - [realtime_data_provider.py:203] - 📊 [批次 5/274] 正在扫描 20 只股票...
2026-01-21 14:04:39,544 - logic.realtime_data_provider - INFO - [realtime_data_provider.py:211] - ✅ [批次 5] 成功获取 20 只股票数据
2026-01-21 14:04:39,555 - logic.realtime_data_provider - INFO - [realtime_data_provider.py:203] - 📊 [批次 6/274] 正在扫描 20 只股票...
2026-01-21 14:04:39,582 - logic.realtime_data_provider - INFO - [realtime_data_provider.py:211] - ✅ [批次 6] 成功获取 20 只股票数据
2026-01-21 14:04:39,593 - logic.realtime_data_provider - INFO - [realtime_data_provider.py:203] - 📊 [批次 7/274] 正在扫描 20 只股票...
2026-01-21 14:04:39,620 - logic.realtime_data_provider - INFO - [realtime_data_provider.py:211] - ✅ [批次 7] 成功获取 20 只股票数据
2026-01-21 14:04:39,631 - logic.realtime_data_provider - INFO - [realtime_data_provider.py:203] - 📊 [批次 8/274] 正在扫描 20 只股票...
2026-01-21 14:04:39,659 - logic.realtime_data_provider - INFO - [realtime_data_provider.py:211] - ✅ [批次 8] 成功获取 20 只股票数据
2026-01-21 14:04:39,669 - logic.realtime_data_provider - INFO - [realtime_data_provider.py:203] - 📊 [批次 9/274] 正在扫描 20 只股票...
2026-01-21 14:04:39,694 - logic.realtime_data_provider - INFO - [realtime_data_provider.py:211] - ✅ [批次 9] 成功获取 20 只股票数据
2026-01-21 14:04:39,704 - logic.realtime_data_provider - INFO - [realtime_data_provider.py:203] - 📊 [批次 10/274] 正在扫描 20 只股票...
2026-01-21 14:04:39,735 - logic.realtime_data_provider - INFO - [realtime_data_provider.py:211] - ✅ [批次 10] 成功获取 20 只股票数据
2026-01-21 14:04:39,745 - logic.realtime_data_provider - INFO - [realtime_data_provider.py:203] - 📊 [批次 11/274] 正在扫描 20 只股票...
2026-01-21 14:04:39,771 - logic.realtime_data_provider - INFO - [realtime_data_provider.py:211] - ✅ [批次 11] 成功获取 20 只股票数据
2026-01-21 14:04:39,781 - logic.realtime_data_provider - INFO - [realtime_data_provider.py:203] - 📊 [批次 12/274] 正在扫描 20 只股票...
2026-01-21 14:04:39,805 - logic.realtime_data_provider - INFO - [realtime_data_provider.py:211] - ✅ [批次 12] 成功获取 20 只股票数据
2026-01-21 14:04:39,816 - logic.realtime_data_provider - INFO - [realtime_data_provider.py:203] - 📊 [批次 13/274] 正在扫描 20 只股票...
2026-01-21 14:04:39,856 - logic.realtime_data_provider - INFO - [realtime_data_provider.py:211] - ✅ [批次 13] 成功获取 20 只股票数据
2026-01-21 14:04:39,866 - logic.realtime_data_provider - INFO - [realtime_data_provider.py:203] - 📊 [批次 14/274] 正在扫描 20 只股票...
2026-01-21 14:04:39,913 - logic.realtime_data_provider - INFO - [realtime_data_provider.py:211] - ✅ [批次 14] 成功获取 20 只股票数据
2026-01-21 14:04:39,923 - logic.realtime_data_provider - INFO - [realtime_data_provider.py:203] - 📊 [批次 15/274] 正在扫描 20 只股票...
2026-01-21 14:04:39,953 - logic.realtime_data_provider - INFO - [realtime_data_provider.py:211] - ✅ [批次 15] 成功获取 20 只股票数据
2026-01-21 14:04:39,963 - logic.realtime_data_provider - INFO - [realtime_data_provider.py:203] - 📊 [批次 16/274] 正在扫描 20 只股票...
2026-01-21 14:04:39,989 - logic.realtime_data_provider - INFO - [realtime_data_provider.py:211] - ✅ [批次 16] 成功获取 20 只股票数据
2026-01-21 14:04:40,000 - logic.realtime_data_provider - INFO - [realtime_data_provider.py:203] - 📊 [批次 17/274] 正在扫描 20 只股票...
2026-01-21 14:04:40,024 - logic.realtime_data_provider - INFO - [realtime_data_provider.py:211] - ✅ [批次 17] 成功获取 20 只股票数据
2026-01-21 14:04:40,035 - logic.realtime_data_provider - INFO - [realtime_data_provider.py:203] - 📊 [批次 18/274] 正在扫描 20 只股票...
2026-01-21 14:04:40,060 - logic.realtime_data_provider - INFO - [realtime_data_provider.py:211] - ✅ [批次 18] 成功获取 20 只股票数据
2026-01-21 14:04:40,070 - logic.realtime_data_provider - INFO - [realtime_data_provider.py:203] - 📊 [批次 19/274] 正在扫描 20 只股票...
2026-01-21 14:04:40,096 - logic.realtime_data_provider - INFO - [realtime_data_provider.py:211] - ✅ [批次 19] 成功获取 20 只股票数据
2026-01-21 14:04:40,107 - logic.realtime_data_provider - INFO - [realtime_data_provider.py:203] - 📊 [批次 20/274] 正在扫描 20 只股票...
2026-01-21 14:04:40,134 - logic.realtime_data_provider - INFO - [realtime_data_provider.py:211] - ✅ [批次 20] 成功获取 20 只股票数据
2026-01-21 14:04:40,144 - logic.realtime_data_provider - INFO - [realtime_data_provider.py:203] - 📊 [批次 21/274] 正在扫描 20 只股票...
2026-01-21 14:04:40,173 - logic.realtime_data_provider - INFO - [realtime_data_provider.py:211] - ✅ [批次 21] 成功获取 20 只股票数据
2026-01-21 14:04:40,183 - logic.realtime_data_provider - INFO - [realtime_data_provider.py:203] - 📊 [批次 22/274] 正在扫描 20 只股票...
2026-01-21 14:04:40,220 - logic.realtime_data_provider - INFO - [realtime_data_provider.py:211] - ✅ [批次 22] 成功获取 20 只股票数据
2026-01-21 14:04:40,231 - logic.realtime_data_provider - INFO - [realtime_data_provider.py:203] - 📊 [批次 23/274] 正在扫描 20 只股票...
2026-01-21 14:04:40,264 - logic.realtime_data_provider - INFO - [realtime_data_provider.py:211] - ✅ [批次 23] 成功获取 20 只股票数据
2026-01-21 14:04:40,275 - logic.realtime_data_provider - INFO - [realtime_data_provider.py:203] - 📊 [批次 24/274] 正在扫描 20 只股票...
2026-01-21 14:04:40,303 - logic.realtime_data_provider - INFO - [realtime_data_provider.py:211] - ✅ [批次 24] 成功获取 20 只股票数据
2026-01-21 14:04:40,313 - logic.realtime_data_provider - INFO - [realtime_data_provider.py:203] - 📊 [批次 25/274] 正在扫描 20 只股票...
2026-01-21 14:04:40,352 - logic.realtime_data_provider - INFO - [realtime_data_provider.py:211] - ✅ [批次 25] 成功获取 20 只股票数据
2026-01-21 14:04:40,363 - logic.realtime_data_provider - INFO - [realtime_data_provider.py:203] - 📊 [批次 26/274] 正在扫描 20 只股票...
2026-01-21 14:04:40,390 - logic.realtime_data_provider - INFO - [realtime_data_provider.py:211] - ✅ [批次 26] 成功获取 20 只股票数据
2026-01-21 14:04:40,401 - logic.realtime_data_provider - INFO - [realtime_data_provider.py:203] - 📊 [批次 27/274] 正在扫描 20 只股票...
2026-01-21 14:04:40,431 - logic.realtime_data_provider - INFO - [realtime_data_provider.py:211] - ✅ [批次 27] 成功获取 20 只股票数据
2026-01-21 14:04:40,442 - logic.realtime_data_provider - INFO - [realtime_data_provider.py:203] - 📊 [批次 28/274] 正在扫描 20 只股票...
2026-01-21 14:04:40,472 - logic.realtime_data_provider - INFO - [realtime_data_provider.py:211] - ✅ [批次 28] 成功获取 20 只股票数据
2026-01-21 14:04:40,484 - logic.realtime_data_provider - INFO - [realtime_data_provider.py:203] - 📊 [批次 29/274] 正在扫描 20 只股票...
2026-01-21 14:04:40,513 - logic.realtime_data_provider - INFO - [realtime_data_provider.py:211] - ✅ [批次 29] 成功获取 20 只股票数据
2026-01-21 14:04:40,523 - logic.realtime_data_provider - INFO - [realtime_data_provider.py:203] - 📊 [批次 30/274] 正在扫描 20 只股票...
2026-01-21 14:04:40,547 - logic.realtime_data_provider - INFO - [realtime_data_provider.py:211] - ✅ [批次 30] 成功获取 20 只股票数据
2026-01-21 14:04:40,557 - logic.realtime_data_provider - INFO - [realtime_data_provider.py:203] - 📊 [批次 31/274] 正在扫描 20 只股票...
2026-01-21 14:04:40,587 - logic.realtime_data_provider - INFO - [realtime_data_provider.py:211] - ✅ [批次 31] 成功获取 20 只股票数据
2026-01-21 14:04:40,598 - logic.realtime_data_provider - INFO - [realtime_data_provider.py:203] - 📊 [批次 32/274] 正在扫描 20 只股票...
2026-01-21 14:04:40,625 - logic.realtime_data_provider - INFO - [realtime_data_provider.py:211] - ✅ [批次 32] 成功获取 20 只股票数据
2026-01-21 14:04:40,636 - logic.realtime_data_provider - INFO - [realtime_data_provider.py:203] - 📊 [批次 33/274] 正在扫描 20 只股票...
2026-01-21 14:04:40,663 - logic.realtime_data_provider - INFO - [realtime_data_provider.py:211] - ✅ [批次 33] 成功获取 20 只股票数据
2026-01-21 14:04:40,674 - logic.realtime_data_provider - INFO - [realtime_data_provider.py:203] - 📊 [批次 34/274] 正在扫描 20 只股票...
2026-01-21 14:04:40,732 - logic.realtime_data_provider - INFO - [realtime_data_provider.py:211] - ✅ [批次 34] 成功获取 20 只股票数据
2026-01-21 14:04:40,743 - logic.realtime_data_provider - INFO - [realtime_data_provider.py:203] - 📊 [批次 35/274] 正在扫描 20 只股票...
2026-01-21 14:04:40,774 - logic.realtime_data_provider - INFO - [realtime_data_provider.py:211] - ✅ [批次 35] 成功获取 20 只股票数据
2026-01-21 14:04:40,785 - logic.realtime_data_provider - INFO - [realtime_data_provider.py:203] - 📊 [批次 36/274] 正在扫描 20 只股票...
2026-01-21 14:04:40,814 - logic.realtime_data_provider - INFO - [realtime_data_provider.py:211] - ✅ [批次 36] 成功获取 20 只股票数据
2026-01-21 14:04:40,825 - logic.realtime_data_provider - INFO - [realtime_data_provider.py:203] - 📊 [批次 37/274] 正在扫描 20 只股票...
2026-01-21 14:04:40,850 - logic.realtime_data_provider - INFO - [realtime_data_provider.py:211] - ✅ [批次 37] 成功获取 20 只股票数据
2026-01-21 14:04:40,861 - logic.realtime_data_provider - INFO - [realtime_data_provider.py:203] - 📊 [批次 38/274] 正在扫描 20 只股票...
2026-01-21 14:04:40,884 - logic.realtime_data_provider - INFO - [realtime_data_provider.py:211] - ✅ [批次 38] 成功获取 20 只股票数据
2026-01-21 14:04:40,895 - logic.realtime_data_provider - INFO - [realtime_data_provider.py:203] - 📊 [批次 39/274] 正在扫描 20 只股票...
2026-01-21 14:04:40,921 - logic.realtime_data_provider - INFO - [realtime_data_provider.py:211] - ✅ [批次 39] 成功获取 20 只股票数据
2026-01-21 14:04:40,931 - logic.realtime_data_provider - INFO - [realtime_data_provider.py:203] - 📊 [批次 40/274] 正在扫描 20 只股票...
2026-01-21 14:04:40,955 - logic.realtime_data_provider - INFO - [realtime_data_provider.py:211] - ✅ [批次 40] 成功获取 20 只股票数据
2026-01-21 14:04:40,966 - logic.realtime_data_provider - INFO - [realtime_data_provider.py:203] - 📊 [批次 41/274] 正在扫描 20 只股票...
2026-01-21 14:04:40,992 - logic.realtime_data_provider - INFO - [realtime_data_provider.py:211] - ✅ [批次 41] 成功获取 20 只股票数据
2026-01-21 14:04:41,002 - logic.realtime_data_provider - INFO - [realtime_data_provider.py:203] - 📊 [批次 42/274] 正在扫描 20 只股票...
2026-01-21 14:04:41,029 - logic.realtime_data_provider - INFO - [realtime_data_provider.py:211] - ✅ [批次 42] 成功获取 20 只股票数据
2026-01-21 14:04:41,039 - logic.realtime_data_provider - INFO - [realtime_data_provider.py:203] - 📊 [批次 43/274] 正在扫描 20 只股票...
2026-01-21 14:04:41,063 - logic.realtime_data_provider - INFO - [realtime_data_provider.py:211] - ✅ [批次 43] 成功获取 20 只股票数据
2026-01-21 14:04:41,074 - logic.realtime_data_provider - INFO - [realtime_data_provider.py:203] - 📊 [批次 44/274] 正在扫描 20 只股票...
2026-01-21 14:04:41,101 - logic.realtime_data_provider - INFO - [realtime_data_provider.py:211] - ✅ [批次 44] 成功获取 20 只股票数据
2026-01-21 14:04:41,112 - logic.realtime_data_provider - INFO - [realtime_data_provider.py:203] - 📊 [批次 45/274] 正在扫描 20 只股票...
2026-01-21 14:04:41,136 - logic.realtime_data_provider - INFO - [realtime_data_provider.py:211] - ✅ [批次 45] 成功获取 20 只股票数据
2026-01-21 14:04:41,146 - logic.realtime_data_provider - INFO - [realtime_data_provider.py:203] - 📊 [批次 46/274] 正在扫描 20 只股票...
2026-01-21 14:04:41,173 - logic.realtime_data_provider - INFO - [realtime_data_provider.py:211] - ✅ [批次 46] 成功获取 20 只股票数据
2026-01-21 14:04:41,183 - logic.realtime_data_provider - INFO - [realtime_data_provider.py:203] - 📊 [批次 47/274] 正在扫描 20 只股票...
2026-01-21 14:04:41,212 - logic.realtime_data_provider - INFO - [realtime_data_provider.py:211] - ✅ [批次 47] 成功获取 20 只股票数据
2026-01-21 14:04:41,222 - logic.realtime_data_provider - INFO - [realtime_data_provider.py:203] - 📊 [批次 48/274] 正在扫描 20 只股票...
2026-01-21 14:04:41,254 - logic.realtime_data_provider - INFO - [realtime_data_provider.py:211] - ✅ [批次 48] 成功获取 20 只股票数据
2026-01-21 14:04:41,265 - logic.realtime_data_provider - INFO - [realtime_data_provider.py:203] - 📊 [批次 49/274] 正在扫描 20 只股票...
2026-01-21 14:04:41,294 - logic.realtime_data_provider - INFO - [realtime_data_provider.py:211] - ✅ [批次 49] 成功获取 20 只股票数据
2026-01-21 14:04:41,304 - logic.realtime_data_provider - INFO - [realtime_data_provider.py:203] - 📊 [批次 50/274] 正在扫描 20 只股票...
2026-01-21 14:04:41,332 - logic.realtime_data_provider - INFO - [realtime_data_provider.py:211] - ✅ [批次 50] 成功获取 20 只股票数据
2026-01-21 14:04:41,488 - logic.realtime_data_provider - INFO - [realtime_data_provider.py:203] - 📊 [批次 51/274] 正在扫描 20 只股票...
2026-01-21 14:04:41,523 - logic.realtime_data_provider - INFO - [realtime_data_provider.py:211] - ✅ [批次 51] 成功获取 20 只股票数据
2026-01-21 14:04:41,534 - logic.realtime_data_provider - INFO - [realtime_data_provider.py:203] - 📊 [批次 52/274] 正在扫描 20 只股票...
2026-01-21 14:04:41,563 - logic.realtime_data_provider - INFO - [realtime_data_provider.py:211] - ✅ [批次 52] 成功获取 20 只股票数据
2026-01-21 14:04:41,573 - logic.realtime_data_provider - INFO - [realtime_data_provider.py:203] - 📊 [批次 53/274] 正在扫描 20 只股票...
2026-01-21 14:04:41,601 - logic.realtime_data_provider - INFO - [realtime_data_provider.py:211] - ✅ [批次 53] 成功获取 20 只股票数据
2026-01-21 14:04:41,612 - logic.realtime_data_provider - INFO - [realtime_data_provider.py:203] - 📊 [批次 54/274] 正在扫描 20 只股票...
2026-01-21 14:04:41,641 - logic.realtime_data_provider - INFO - [realtime_data_provider.py:211] - ✅ [批次 54] 成功获取 20 只股票数据
2026-01-21 14:04:41,651 - logic.realtime_data_provider - INFO - [realtime_data_provider.py:203] - 📊 [批次 55/274] 正在扫描 20 只股票...
2026-01-21 14:04:41,680 - logic.realtime_data_provider - INFO - [realtime_data_provider.py:211] - ✅ [批次 55] 成功获取 20 只股票数据
2026-01-21 14:04:41,691 - logic.realtime_data_provider - INFO - [realtime_data_provider.py:203] - 📊 [批次 56/274] 正在扫描 20 只股票...
2026-01-21 14:04:41,717 - logic.realtime_data_provider - INFO - [realtime_data_provider.py:211] - ✅ [批次 56] 成功获取 20 只股票数据
2026-01-21 14:04:41,727 - logic.realtime_data_provider - INFO - [realtime_data_provider.py:203] - 📊 [批次 57/274] 正在扫描 20 只股票...
2026-01-21 14:04:41,754 - logic.realtime_data_provider - INFO - [realtime_data_provider.py:211] - ✅ [批次 57] 成功获取 20 只股票数据
2026-01-21 14:04:41,765 - logic.realtime_data_provider - INFO - [realtime_data_provider.py:203] - 📊 [批次 58/274] 正在扫描 20 只股票...
2026-01-21 14:04:41,802 - logic.realtime_data_provider - INFO - [realtime_data_provider.py:211] - ✅ [批次 58] 成功获取 20 只股票数据
2026-01-21 14:04:41,812 - logic.realtime_data_provider - INFO - [realtime_data_provider.py:203] - 📊 [批次 59/274] 正在扫描 20 只股票...
2026-01-21 14:04:41,838 - logic.realtime_data_provider - INFO - [realtime_data_provider.py:211] - ✅ [批次 59] 成功获取 20 只股票数据
2026-01-21 14:04:41,848 - logic.realtime_data_provider - INFO - [realtime_data_provider.py:203] - 📊 [批次 60/274] 正在扫描 20 只股票...
2026-01-21 14:04:41,874 - logic.realtime_data_provider - INFO - [realtime_data_provider.py:211] - ✅ [批次 60] 成功获取 20 只股票数据
2026-01-21 14:04:41,884 - logic.realtime_data_provider - INFO - [realtime_data_provider.py:203] - 📊 [批次 61/274] 正在扫描 20 只股票...
2026-01-21 14:04:41,924 - logic.realtime_data_provider - INFO - [realtime_data_provider.py:211] - ✅ [批次 61] 成功获取 20 只股票数据
2026-01-21 14:04:41,935 - logic.realtime_data_provider - INFO - [realtime_data_provider.py:203] - 📊 [批次 62/274] 正在扫描 20 只股票...
2026-01-21 14:04:41,959 - logic.realtime_data_provider - INFO - [realtime_data_provider.py:211] - ✅ [批次 62] 成功获取 20 只股票数据
2026-01-21 14:04:41,970 - logic.realtime_data_provider - INFO - [realtime_data_provider.py:203] - 📊 [批次 63/274] 正在扫描 20 只股票...
2026-01-21 14:04:41,997 - logic.realtime_data_provider - INFO - [realtime_data_provider.py:211] - ✅ [批次 63] 成功获取 20 只股票数据
2026-01-21 14:04:42,008 - logic.realtime_data_provider - INFO - [realtime_data_provider.py:203] - 📊 [批次 64/274] 正在扫描 20 只股票...
2026-01-21 14:04:42,034 - logic.realtime_data_provider - INFO - [realtime_data_provider.py:211] - ✅ [批次 64] 成功获取 20 只股票数据
2026-01-21 14:04:42,044 - logic.realtime_data_provider - INFO - [realtime_data_provider.py:203] - 📊 [批次 65/274] 正在扫描 20 只股票...
2026-01-21 14:04:42,067 - logic.realtime_data_provider - INFO - [realtime_data_provider.py:211] - ✅ [批次 65] 成功获取 20 只股票数据
2026-01-21 14:04:42,077 - logic.realtime_data_provider - INFO - [realtime_data_provider.py:203] - 📊 [批次 66/274] 正在扫描 20 只股票...
2026-01-21 14:04:42,110 - logic.realtime_data_provider - INFO - [realtime_data_provider.py:211] - ✅ [批次 66] 成功获取 20 只股票数据
2026-01-21 14:04:42,120 - logic.realtime_data_provider - INFO - [realtime_data_provider.py:203] - 📊 [批次 67/274] 正在扫描 20 只股票...
2026-01-21 14:04:42,149 - logic.realtime_data_provider - INFO - [realtime_data_provider.py:211] - ✅ [批次 67] 成功获取 20 只股票数据
2026-01-21 14:04:42,159 - logic.realtime_data_provider - INFO - [realtime_data_provider.py:203] - 📊 [批次 68/274] 正在扫描 20 只股票...
2026-01-21 14:04:42,191 - logic.realtime_data_provider - INFO - [realtime_data_provider.py:211] - ✅ [批次 68] 成功获取 20 只股票数据
2026-01-21 14:04:42,202 - logic.realtime_data_provider - INFO - [realtime_data_provider.py:203] - 📊 [批次 69/274] 正在扫描 20 只股票...
2026-01-21 14:04:42,230 - logic.realtime_data_provider - INFO - [realtime_data_provider.py:211] - ✅ [批次 69] 成功获取 20 只股票数据
2026-01-21 14:04:42,241 - logic.realtime_data_provider - INFO - [realtime_data_provider.py:203] - 📊 [批次 70/274] 正在扫描 20 只股票...
2026-01-21 14:04:42,266 - logic.realtime_data_provider - INFO - [realtime_data_provider.py:211] - ✅ [批次 70] 成功获取 20 只股票数据
2026-01-21 14:04:42,276 - logic.realtime_data_provider - INFO - [realtime_data_provider.py:203] - 📊 [批次 71/274] 正在扫描 20 只股票...
2026-01-21 14:04:42,304 - logic.realtime_data_provider - INFO - [realtime_data_provider.py:211] - ✅ [批次 71] 成功获取 20 只股票数据
2026-01-21 14:04:42,314 - logic.realtime_data_provider - INFO - [realtime_data_provider.py:203] - 📊 [批次 72/274] 正在扫描 20 只股票...
2026-01-21 14:04:42,339 - logic.realtime_data_provider - INFO - [realtime_data_provider.py:211] - ✅ [批次 72] 成功获取 20 只股票数据
2026-01-21 14:04:42,350 - logic.realtime_data_provider - INFO - [realtime_data_provider.py:203] - 📊 [批次 73/274] 正在扫描 20 只股票...
2026-01-21 14:04:42,372 - logic.realtime_data_provider - INFO - [realtime_data_provider.py:211] - ✅ [批次 73] 成功获取 20 只股票数据
2026-01-21 14:04:42,383 - logic.realtime_data_provider - INFO - [realtime_data_provider.py:203] - 📊 [批次 74/274] 正在扫描 20 只股票...
2026-01-21 14:04:42,409 - logic.realtime_data_provider - INFO - [realtime_data_provider.py:211] - ✅ [批次 74] 成功获取 20 只股票数据
2026-01-21 14:04:42,420 - logic.realtime_data_provider - INFO - [realtime_data_provider.py:203] - 📊 [批次 75/274] 正在扫描 20 只股票...
2026-01-21 14:04:42,446 - logic.realtime_data_provider - INFO - [realtime_data_provider.py:211] - ✅ [批次 75] 成功获取 20 只股票数据
2026-01-21 14:04:42,456 - logic.realtime_data_provider - INFO - [realtime_data_provider.py:203] - 📊 [批次 76/274] 正在扫描 20 只股票...
2026-01-21 14:04:42,482 - logic.realtime_data_provider - INFO - [realtime_data_provider.py:211] - ✅ [批次 76] 成功获取 20 只股票数据
2026-01-21 14:04:42,493 - logic.realtime_data_provider - INFO - [realtime_data_provider.py:203] - 📊 [批次 77/274] 正在扫描 20 只股票...
2026-01-21 14:04:42,522 - logic.realtime_data_provider - INFO - [realtime_data_provider.py:211] - ✅ [批次 77] 成功获取 20 只股票数据
2026-01-21 14:04:42,532 - logic.realtime_data_provider - INFO - [realtime_data_provider.py:203] - 📊 [批次 78/274] 正在扫描 20 只股票...
2026-01-21 14:04:42,561 - logic.realtime_data_provider - INFO - [realtime_data_provider.py:211] - ✅ [批次 78] 成功获取 20 只股票数据
2026-01-21 14:04:42,572 - logic.realtime_data_provider - INFO - [realtime_data_provider.py:203] - 📊 [批次 79/274] 正在扫描 20 只股票...
2026-01-21 14:04:42,597 - logic.realtime_data_provider - INFO - [realtime_data_provider.py:211] - ✅ [批次 79] 成功获取 20 只股票数据
2026-01-21 14:04:42,607 - logic.realtime_data_provider - INFO - [realtime_data_provider.py:203] - 📊 [批次 80/274] 正在扫描 20 只股票...
2026-01-21 14:04:42,635 - logic.realtime_data_provider - INFO - [realtime_data_provider.py:211] - ✅ [批次 80] 成功获取 20 只股票数据
2026-01-21 14:04:42,646 - logic.realtime_data_provider - INFO - [realtime_data_provider.py:203] - 📊 [批次 81/274] 正在扫描 20 只股票...
2026-01-21 14:04:42,673 - logic.realtime_data_provider - INFO - [realtime_data_provider.py:211] - ✅ [批次 81] 成功获取 20 只股票数据
2026-01-21 14:04:42,683 - logic.realtime_data_provider - INFO - [realtime_data_provider.py:203] - 📊 [批次 82/274] 正在扫描 20 只股票...
2026-01-21 14:04:42,711 - logic.realtime_data_provider - INFO - [realtime_data_provider.py:211] - ✅ [批次 82] 成功获取 20 只股票数据
2026-01-21 14:04:42,722 - logic.realtime_data_provider - INFO - [realtime_data_provider.py:203] - 📊 [批次 83/274] 正在扫描 20 只股票...
2026-01-21 14:04:42,747 - logic.realtime_data_provider - INFO - [realtime_data_provider.py:211] - ✅ [批次 83] 成功获取 20 只股票数据
2026-01-21 14:04:42,757 - logic.realtime_data_provider - INFO - [realtime_data_provider.py:203] - 📊 [批次 84/274] 正在扫描 20 只股票...
2026-01-21 14:04:42,807 - logic.realtime_data_provider - INFO - [realtime_data_provider.py:211] - ✅ [批次 84] 成功获取 20 只股票数据
2026-01-21 14:04:42,818 - logic.realtime_data_provider - INFO - [realtime_data_provider.py:203] - 📊 [批次 85/274] 正在扫描 20 只股票...
2026-01-21 14:04:42,865 - logic.realtime_data_provider - INFO - [realtime_data_provider.py:211] - ✅ [批次 85] 成功获取 20 只股票数据
2026-01-21 14:04:42,875 - logic.realtime_data_provider - INFO - [realtime_data_provider.py:203] - 📊 [批次 86/274] 正在扫描 20 只股票...
2026-01-21 14:04:42,915 - logic.realtime_data_provider - INFO - [realtime_data_provider.py:211] - ✅ [批次 86] 成功获取 20 只股票数据
2026-01-21 14:04:42,926 - logic.realtime_data_provider - INFO - [realtime_data_provider.py:203] - 📊 [批次 87/274] 正在扫描 20 只股票...
2026-01-21 14:04:42,953 - logic.realtime_data_provider - INFO - [realtime_data_provider.py:211] - ✅ [批次 87] 成功获取 20 只股票数据
2026-01-21 14:04:42,964 - logic.realtime_data_provider - INFO - [realtime_data_provider.py:203] - 📊 [批次 88/274] 正在扫描 20 只股票...
2026-01-21 14:04:42,994 - logic.realtime_data_provider - INFO - [realtime_data_provider.py:211] - ✅ [批次 88] 成功获取 20 只股票数据
2026-01-21 14:04:43,005 - logic.realtime_data_provider - INFO - [realtime_data_provider.py:203] - 📊 [批次 89/274] 正在扫描 20 只股票...
2026-01-21 14:04:43,030 - logic.realtime_data_provider - INFO - [realtime_data_provider.py:211] - ✅ [批次 89] 成功获取 20 只股票数据
2026-01-21 14:04:43,040 - logic.realtime_data_provider - INFO - [realtime_data_provider.py:203] - 📊 [批次 90/274] 正在扫描 20 只股票...
2026-01-21 14:04:43,073 - logic.realtime_data_provider - INFO - [realtime_data_provider.py:211] - ✅ [批次 90] 成功获取 20 只股票数据
2026-01-21 14:04:43,084 - logic.realtime_data_provider - INFO - [realtime_data_provider.py:203] - 📊 [批次 91/274] 正在扫描 20 只股票...
2026-01-21 14:04:43,116 - logic.realtime_data_provider - INFO - [realtime_data_provider.py:211] - ✅ [批次 91] 成功获取 20 只股票数据
2026-01-21 14:04:43,126 - logic.realtime_data_provider - INFO - [realtime_data_provider.py:203] - 📊 [批次 92/274] 正在扫描 20 只股票...
2026-01-21 14:04:43,152 - logic.realtime_data_provider - INFO - [realtime_data_provider.py:211] - ✅ [批次 92] 成功获取 20 只股票数据
2026-01-21 14:04:43,164 - logic.realtime_data_provider - INFO - [realtime_data_provider.py:203] - 📊 [批次 93/274] 正在扫描 20 只股票...
2026-01-21 14:04:43,190 - logic.realtime_data_provider - INFO - [realtime_data_provider.py:211] - ✅ [批次 93] 成功获取 20 只股票数据
2026-01-21 14:04:43,201 - logic.realtime_data_provider - INFO - [realtime_data_provider.py:203] - 📊 [批次 94/274] 正在扫描 20 只股票...
2026-01-21 14:04:43,224 - logic.realtime_data_provider - INFO - [realtime_data_provider.py:211] - ✅ [批次 94] 成功获取 20 只股票数据
2026-01-21 14:04:43,234 - logic.realtime_data_provider - INFO - [realtime_data_provider.py:203] - 📊 [批次 95/274] 正在扫描 20 只股票...
2026-01-21 14:04:43,260 - logic.realtime_data_provider - INFO - [realtime_data_provider.py:211] - ✅ [批次 95] 成功获取 20 只股票数据
2026-01-21 14:04:43,271 - logic.realtime_data_provider - INFO - [realtime_data_provider.py:203] - 📊 [批次 96/274] 正在扫描 20 只股票...
2026-01-21 14:04:43,297 - logic.realtime_data_provider - INFO - [realtime_data_provider.py:211] - ✅ [批次 96] 成功获取 20 只股票数据
2026-01-21 14:04:43,307 - logic.realtime_data_provider - INFO - [realtime_data_provider.py:203] - 📊 [批次 97/274] 正在扫描 20 只股票...
2026-01-21 14:04:43,332 - logic.realtime_data_provider - INFO - [realtime_data_provider.py:211] - ✅ [批次 97] 成功获取 20 只股票数据
2026-01-21 14:04:43,342 - logic.realtime_data_provider - INFO - [realtime_data_provider.py:203] - 📊 [批次 98/274] 正在扫描 20 只股票...
2026-01-21 14:04:43,370 - logic.realtime_data_provider - INFO - [realtime_data_provider.py:211] - ✅ [批次 98] 成功获取 20 只股票数据
2026-01-21 14:04:43,380 - logic.realtime_data_provider - INFO - [realtime_data_provider.py:203] - 📊 [批次 99/274] 正在扫描 20 只股票...
2026-01-21 14:04:43,404 - logic.realtime_data_provider - INFO - [realtime_data_provider.py:211] - ✅ [批次 99] 成功获取 20 只股票数据
2026-01-21 14:04:43,414 - logic.realtime_data_provider - INFO - [realtime_data_provider.py:203] - 📊 [批次 100/274] 正在扫描 20 只股票...
2026-01-21 14:04:43,441 - logic.realtime_data_provider - INFO - [realtime_data_provider.py:211] - ✅ [批次 100] 成功获取 20 只股票数据
2026-01-21 14:04:43,451 - logic.realtime_data_provider - INFO - [realtime_data_provider.py:203] - 📊 [批次 101/274] 正在扫描 20 只股票...
2026-01-21 14:04:43,478 - logic.realtime_data_provider - INFO - [realtime_data_provider.py:211] - ✅ [批次 101] 成功获取 20 只股票数据
2026-01-21 14:04:43,489 - logic.realtime_data_provider - INFO - [realtime_data_provider.py:203] - 📊 [批次 102/274] 正在扫描 20 只股票...
2026-01-21 14:04:43,511 - logic.realtime_data_provider - INFO - [realtime_data_provider.py:211] - ✅ [批次 102] 成功获取 20 只股票数据
2026-01-21 14:04:43,521 - logic.realtime_data_provider - INFO - [realtime_data_provider.py:203] - 📊 [批次 103/274] 正在扫描 20 只股票...
2026-01-21 14:04:43,545 - logic.realtime_data_provider - INFO - [realtime_data_provider.py:211] - ✅ [批次 103] 成功获取 20 只股票数据
2026-01-21 14:04:43,556 - logic.realtime_data_provider - INFO - [realtime_data_provider.py:203] - 📊 [批次 104/274] 正在扫描 20 只股票...
2026-01-21 14:04:43,581 - logic.realtime_data_provider - INFO - [realtime_data_provider.py:211] - ✅ [批次 104] 成功获取 20 只股票数据
2026-01-21 14:04:43,591 - logic.realtime_data_provider - INFO - [realtime_data_provider.py:203] - 📊 [批次 105/274] 正在扫描 20 只股票...
2026-01-21 14:04:43,618 - logic.realtime_data_provider - INFO - [realtime_data_provider.py:211] - ✅ [批次 105] 成功获取 20 只股票数据
2026-01-21 14:04:43,628 - logic.realtime_data_provider - INFO - [realtime_data_provider.py:203] - 📊 [批次 106/274] 正在扫描 20 只股票...
2026-01-21 14:04:43,651 - logic.realtime_data_provider - INFO - [realtime_data_provider.py:211] - ✅ [批次 106] 成功获取 20 只股票数据
2026-01-21 14:04:43,661 - logic.realtime_data_provider - INFO - [realtime_data_provider.py:203] - 📊 [批次 107/274] 正在扫描 20 只股票...
2026-01-21 14:04:43,693 - logic.realtime_data_provider - INFO - [realtime_data_provider.py:211] - ✅ [批次 107] 成功获取 20 只股票数据
2026-01-21 14:04:43,703 - logic.realtime_data_provider - INFO - [realtime_data_provider.py:203] - 📊 [批次 108/274] 正在扫描 20 只股票...
2026-01-21 14:04:43,732 - logic.realtime_data_provider - INFO - [realtime_data_provider.py:211] - ✅ [批次 108] 成功获取 20 只股票数据
2026-01-21 14:04:43,743 - logic.realtime_data_provider - INFO - [realtime_data_provider.py:203] - 📊 [批次 109/274] 正在扫描 20 只股票...
2026-01-21 14:04:43,770 - logic.realtime_data_provider - INFO - [realtime_data_provider.py:211] - ✅ [批次 109] 成功获取 20 只股票数据
2026-01-21 14:04:43,780 - logic.realtime_data_provider - INFO - [realtime_data_provider.py:203] - 📊 [批次 110/274] 正在扫描 20 只股票...
2026-01-21 14:04:43,807 - logic.realtime_data_provider - INFO - [realtime_data_provider.py:211] - ✅ [批次 110] 成功获取 20 只股票数据
2026-01-21 14:04:43,818 - logic.realtime_data_provider - INFO - [realtime_data_provider.py:203] - 📊 [批次 111/274] 正在扫描 20 只股票...
2026-01-21 14:04:43,854 - logic.realtime_data_provider - INFO - [realtime_data_provider.py:211] - ✅ [批次 111] 成功获取 20 只股票数据
2026-01-21 14:04:43,864 - logic.realtime_data_provider - INFO - [realtime_data_provider.py:203] - 📊 [批次 112/274] 正在扫描 20 只股票...
2026-01-21 14:04:43,888 - logic.realtime_data_provider - INFO - [realtime_data_provider.py:211] - ✅ [批次 112] 成功获取 20 只股票数据
2026-01-21 14:04:43,898 - logic.realtime_data_provider - INFO - [realtime_data_provider.py:203] - 📊 [批次 113/274] 正在扫描 20 只股票...
2026-01-21 14:04:43,921 - logic.realtime_data_provider - INFO - [realtime_data_provider.py:211] - ✅ [批次 113] 成功获取 20 只股票数据
2026-01-21 14:04:43,931 - logic.realtime_data_provider - INFO - [realtime_data_provider.py:203] - 📊 [批次 114/274] 正在扫描 20 只股票...
2026-01-21 14:04:43,954 - logic.realtime_data_provider - INFO - [realtime_data_provider.py:211] - ✅ [批次 114] 成功获取 20 只股票数据
2026-01-21 14:04:43,964 - logic.realtime_data_provider - INFO - [realtime_data_provider.py:203] - 📊 [批次 115/274] 正在扫描 20 只股票...
2026-01-21 14:04:43,990 - logic.realtime_data_provider - INFO - [realtime_data_provider.py:211] - ✅ [批次 115] 成功获取 20 只股票数据
2026-01-21 14:04:44,001 - logic.realtime_data_provider - INFO - [realtime_data_provider.py:203] - 📊 [批次 116/274] 正在扫描 20 只股票...
2026-01-21 14:04:44,030 - logic.realtime_data_provider - INFO - [realtime_data_provider.py:211] - ✅ [批次 116] 成功获取 20 只股票数据
2026-01-21 14:04:44,040 - logic.realtime_data_provider - INFO - [realtime_data_provider.py:203] - 📊 [批次 117/274] 正在扫描 20 只股票...
2026-01-21 14:04:44,064 - logic.realtime_data_provider - INFO - [realtime_data_provider.py:211] - ✅ [批次 117] 成功获取 20 只股票数据
2026-01-21 14:04:44,075 - logic.realtime_data_provider - INFO - [realtime_data_provider.py:203] - 📊 [批次 118/274] 正在扫描 20 只股票...
2026-01-21 14:04:44,101 - logic.realtime_data_provider - INFO - [realtime_data_provider.py:211] - ✅ [批次 118] 成功获取 20 只股票数据
2026-01-21 14:04:44,111 - logic.realtime_data_provider - INFO - [realtime_data_provider.py:203] - 📊 [批次 119/274] 正在扫描 20 只股票...
2026-01-21 14:04:44,142 - logic.realtime_data_provider - INFO - [realtime_data_provider.py:211] - ✅ [批次 119] 成功获取 20 只股票数据
2026-01-21 14:04:44,152 - logic.realtime_data_provider - INFO - [realtime_data_provider.py:203] - 📊 [批次 120/274] 正在扫描 20 只股票...
2026-01-21 14:04:44,182 - logic.realtime_data_provider - INFO - [realtime_data_provider.py:211] - ✅ [批次 120] 成功获取 20 只股票数据
2026-01-21 14:04:44,193 - logic.realtime_data_provider - INFO - [realtime_data_provider.py:203] - 📊 [批次 121/274] 正在扫描 20 只股票...
2026-01-21 14:04:44,221 - logic.realtime_data_provider - INFO - [realtime_data_provider.py:211] - ✅ [批次 121] 成功获取 20 只股票数据
2026-01-21 14:04:44,231 - logic.realtime_data_provider - INFO - [realtime_data_provider.py:203] - 📊 [批次 122/274] 正在扫描 20 只股票...
2026-01-21 14:04:44,255 - logic.realtime_data_provider - INFO - [realtime_data_provider.py:211] - ✅ [批次 122] 成功获取 20 只股票数据
2026-01-21 14:04:44,265 - logic.realtime_data_provider - INFO - [realtime_data_provider.py:203] - 📊 [批次 123/274] 正在扫描 20 只股票...
2026-01-21 14:04:44,290 - logic.realtime_data_provider - INFO - [realtime_data_provider.py:211] - ✅ [批次 123] 成功获取 20 只股票数据
2026-01-21 14:04:44,300 - logic.realtime_data_provider - INFO - [realtime_data_provider.py:203] - 📊 [批次 124/274] 正在扫描 20 只股票...
2026-01-21 14:04:44,325 - logic.realtime_data_provider - INFO - [realtime_data_provider.py:211] - ✅ [批次 124] 成功获取 20 只股票数据
2026-01-21 14:04:44,335 - logic.realtime_data_provider - INFO - [realtime_data_provider.py:203] - 📊 [批次 125/274] 正在扫描 20 只股票...
2026-01-21 14:04:44,364 - logic.realtime_data_provider - INFO - [realtime_data_provider.py:211] - ✅ [批次 125] 成功获取 20 只股票数据
2026-01-21 14:04:44,374 - logic.realtime_data_provider - INFO - [realtime_data_provider.py:203] - 📊 [批次 126/274] 正在扫描 20 只股票...
2026-01-21 14:04:44,403 - logic.realtime_data_provider - INFO - [realtime_data_provider.py:211] - ✅ [批次 126] 成功获取 20 只股票数据
2026-01-21 14:04:44,414 - logic.realtime_data_provider - INFO - [realtime_data_provider.py:203] - 📊 [批次 127/274] 正在扫描 20 只股票...
2026-01-21 14:04:44,441 - logic.realtime_data_provider - INFO - [realtime_data_provider.py:211] - ✅ [批次 127] 成功获取 20 只股票数据
2026-01-21 14:04:44,451 - logic.realtime_data_provider - INFO - [realtime_data_provider.py:203] - 📊 [批次 128/274] 正在扫描 20 只股票...
2026-01-21 14:04:44,482 - logic.realtime_data_provider - INFO - [realtime_data_provider.py:211] - ✅ [批次 128] 成功获取 20 只股票数据
2026-01-21 14:04:44,493 - logic.realtime_data_provider - INFO - [realtime_data_provider.py:203] - 📊 [批次 129/274] 正在扫描 20 只股票...
2026-01-21 14:04:44,517 - logic.realtime_data_provider - INFO - [realtime_data_provider.py:211] - ✅ [批次 129] 成功获取 20 只股票数据
2026-01-21 14:04:44,527 - logic.realtime_data_provider - INFO - [realtime_data_provider.py:203] - 📊 [批次 130/274] 正在扫描 20 只股票...
2026-01-21 14:04:44,556 - logic.realtime_data_provider - INFO - [realtime_data_provider.py:211] - ✅ [批次 130] 成功获取 20 只股票数据
2026-01-21 14:04:44,567 - logic.realtime_data_provider - INFO - [realtime_data_provider.py:203] - 📊 [批次 131/274] 正在扫描 20 只股票...
2026-01-21 14:04:44,594 - logic.realtime_data_provider - INFO - [realtime_data_provider.py:211] - ✅ [批次 131] 成功获取 20 只股票数据
2026-01-21 14:04:44,604 - logic.realtime_data_provider - INFO - [realtime_data_provider.py:203] - 📊 [批次 132/274] 正在扫描 20 只股票...
2026-01-21 14:04:44,632 - logic.realtime_data_provider - INFO - [realtime_data_provider.py:211] - ✅ [批次 132] 成功获取 20 只股票数据
2026-01-21 14:04:44,642 - logic.realtime_data_provider - INFO - [realtime_data_provider.py:203] - 📊 [批次 133/274] 正在扫描 20 只股票...
2026-01-21 14:04:44,678 - logic.realtime_data_provider - INFO - [realtime_data_provider.py:211] - ✅ [批次 133] 成功获取 20 只股票数据
2026-01-21 14:04:44,688 - logic.realtime_data_provider - INFO - [realtime_data_provider.py:203] - 📊 [批次 134/274] 正在扫描 20 只股票...
2026-01-21 14:04:44,723 - logic.realtime_data_provider - INFO - [realtime_data_provider.py:211] - ✅ [批次 134] 成功获取 20 只股票数据
2026-01-21 14:04:44,733 - logic.realtime_data_provider - INFO - [realtime_data_provider.py:203] - 📊 [批次 135/274] 正在扫描 20 只股票...
2026-01-21 14:04:44,759 - logic.realtime_data_provider - INFO - [realtime_data_provider.py:211] - ✅ [批次 135] 成功获取 20 只股票数据
2026-01-21 14:04:44,770 - logic.realtime_data_provider - INFO - [realtime_data_provider.py:203] - 📊 [批次 136/274] 正在扫描 20 只股票...
2026-01-21 14:04:44,794 - logic.realtime_data_provider - INFO - [realtime_data_provider.py:211] - ✅ [批次 136] 成功获取 20 只股票数据
2026-01-21 14:04:44,805 - logic.realtime_data_provider - INFO - [realtime_data_provider.py:203] - 📊 [批次 137/274] 正在扫描 20 只股票...
2026-01-21 14:04:44,835 - logic.realtime_data_provider - INFO - [realtime_data_provider.py:211] - ✅ [批次 137] 成功获取 20 只股票数据
2026-01-21 14:04:44,846 - logic.realtime_data_provider - INFO - [realtime_data_provider.py:203] - 📊 [批次 138/274] 正在扫描 20 只股票...
2026-01-21 14:04:44,873 - logic.realtime_data_provider - INFO - [realtime_data_provider.py:211] - ✅ [批次 138] 成功获取 20 只股票数据
2026-01-21 14:04:44,883 - logic.realtime_data_provider - INFO - [realtime_data_provider.py:203] - 📊 [批次 139/274] 正在扫描 20 只股票...
2026-01-21 14:04:44,919 - logic.realtime_data_provider - INFO - [realtime_data_provider.py:211] - ✅ [批次 139] 成功获取 20 只股票数据
2026-01-21 14:04:44,930 - logic.realtime_data_provider - INFO - [realtime_data_provider.py:203] - 📊 [批次 140/274] 正在扫描 20 只股票...
2026-01-21 14:04:44,959 - logic.realtime_data_provider - INFO - [realtime_data_provider.py:211] - ✅ [批次 140] 成功获取 20 只股票数据
2026-01-21 14:04:44,970 - logic.realtime_data_provider - INFO - [realtime_data_provider.py:203] - 📊 [批次 141/274] 正在扫描 20 只股票...
2026-01-21 14:04:44,998 - logic.realtime_data_provider - INFO - [realtime_data_provider.py:211] - ✅ [批次 141] 成功获取 20 只股票数据
2026-01-21 14:04:45,008 - logic.realtime_data_provider - INFO - [realtime_data_provider.py:203] - 📊 [批次 142/274] 正在扫描 20 只股票...
2026-01-21 14:04:45,034 - logic.realtime_data_provider - INFO - [realtime_data_provider.py:211] - ✅ [批次 142] 成功获取 20 只股票数据
2026-01-21 14:04:45,045 - logic.realtime_data_provider - INFO - [realtime_data_provider.py:203] - 📊 [批次 143/274] 正在扫描 20 只股票...
2026-01-21 14:04:45,072 - logic.realtime_data_provider - INFO - [realtime_data_provider.py:211] - ✅ [批次 143] 成功获取 20 只股票数据
2026-01-21 14:04:45,082 - logic.realtime_data_provider - INFO - [realtime_data_provider.py:203] - 📊 [批次 144/274] 正在扫描 20 只股票...
2026-01-21 14:04:45,104 - logic.realtime_data_provider - INFO - [realtime_data_provider.py:211] - ✅ [批次 144] 成功获取 20 只股票数据
2026-01-21 14:04:45,115 - logic.realtime_data_provider - INFO - [realtime_data_provider.py:203] - 📊 [批次 145/274] 正在扫描 20 只股票...
2026-01-21 14:04:45,144 - logic.realtime_data_provider - INFO - [realtime_data_provider.py:211] - ✅ [批次 145] 成功获取 20 只股票数据
2026-01-21 14:04:45,155 - logic.realtime_data_provider - INFO - [realtime_data_provider.py:203] - 📊 [批次 146/274] 正在扫描 20 只股票...
2026-01-21 14:04:45,180 - logic.realtime_data_provider - INFO - [realtime_data_provider.py:211] - ✅ [批次 146] 成功获取 20 只股票数据
2026-01-21 14:04:45,190 - logic.realtime_data_provider - INFO - [realtime_data_provider.py:203] - 📊 [批次 147/274] 正在扫描 20 只股票...
2026-01-21 14:04:45,213 - logic.realtime_data_provider - INFO - [realtime_data_provider.py:211] - ✅ [批次 147] 成功获取 20 只股票数据
2026-01-21 14:04:45,223 - logic.realtime_data_provider - INFO - [realtime_data_provider.py:203] - 📊 [批次 148/274] 正在扫描 20 只股票...
2026-01-21 14:04:45,249 - logic.realtime_data_provider - INFO - [realtime_data_provider.py:211] - ✅ [批次 148] 成功获取 20 只股票数据
2026-01-21 14:04:45,260 - logic.realtime_data_provider - INFO - [realtime_data_provider.py:203] - 📊 [批次 149/274] 正在扫描 20 只股票...
2026-01-21 14:04:45,316 - logic.realtime_data_provider - INFO - [realtime_data_provider.py:211] - ✅ [批次 149] 成功获取 20 只股票数据
2026-01-21 14:04:45,326 - logic.realtime_data_provider - INFO - [realtime_data_provider.py:203] - 📊 [批次 150/274] 正在扫描 20 只股票...
2026-01-21 14:04:45,363 - logic.realtime_data_provider - INFO - [realtime_data_provider.py:211] - ✅ [批次 150] 成功获取 20 只股票数据
2026-01-21 14:04:45,374 - logic.realtime_data_provider - INFO - [realtime_data_provider.py:203] - 📊 [批次 151/274] 正在扫描 20 只股票...
2026-01-21 14:04:45,399 - logic.realtime_data_provider - INFO - [realtime_data_provider.py:211] - ✅ [批次 151] 成功获取 20 只股票数据
2026-01-21 14:04:45,410 - logic.realtime_data_provider - INFO - [realtime_data_provider.py:203] - 📊 [批次 152/274] 正在扫描 20 只股票...
2026-01-21 14:04:45,453 - logic.realtime_data_provider - INFO - [realtime_data_provider.py:211] - ✅ [批次 152] 成功获取 20 只股票数据
2026-01-21 14:04:45,463 - logic.realtime_data_provider - INFO - [realtime_data_provider.py:203] - 📊 [批次 153/274] 正在扫描 20 只股票...
2026-01-21 14:04:45,490 - logic.realtime_data_provider - INFO - [realtime_data_provider.py:211] - ✅ [批次 153] 成功获取 20 只股票数据
2026-01-21 14:04:45,502 - logic.realtime_data_provider - INFO - [realtime_data_provider.py:203] - 📊 [批次 154/274] 正在扫描 20 只股票...
2026-01-21 14:04:45,526 - logic.realtime_data_provider - INFO - [realtime_data_provider.py:211] - ✅ [批次 154] 成功获取 20 只股票数据
2026-01-21 14:04:45,537 - logic.realtime_data_provider - INFO - [realtime_data_provider.py:203] - 📊 [批次 155/274] 正在扫描 20 只股票...
2026-01-21 14:04:45,564 - logic.realtime_data_provider - INFO - [realtime_data_provider.py:211] - ✅ [批次 155] 成功获取 20 只股票数据
2026-01-21 14:04:45,575 - logic.realtime_data_provider - INFO - [realtime_data_provider.py:203] - 📊 [批次 156/274] 正在扫描 20 只股票...
2026-01-21 14:04:45,604 - logic.realtime_data_provider - INFO - [realtime_data_provider.py:211] - ✅ [批次 156] 成功获取 20 只股票数据
2026-01-21 14:04:45,615 - logic.realtime_data_provider - INFO - [realtime_data_provider.py:203] - 📊 [批次 157/274] 正在扫描 20 只股票...
2026-01-21 14:04:45,645 - logic.realtime_data_provider - INFO - [realtime_data_provider.py:211] - ✅ [批次 157] 成功获取 20 只股票数据
2026-01-21 14:04:45,655 - logic.realtime_data_provider - INFO - [realtime_data_provider.py:203] - 📊 [批次 158/274] 正在扫描 20 只股票...
2026-01-21 14:04:45,682 - logic.realtime_data_provider - INFO - [realtime_data_provider.py:211] - ✅ [批次 158] 成功获取 20 只股票数据
2026-01-21 14:04:45,693 - logic.realtime_data_provider - INFO - [realtime_data_provider.py:203] - 📊 [批次 159/274] 正在扫描 20 只股票...
2026-01-21 14:04:45,720 - logic.realtime_data_provider - INFO - [realtime_data_provider.py:211] - ✅ [批次 159] 成功获取 20 只股票数据
2026-01-21 14:04:45,730 - logic.realtime_data_provider - INFO - [realtime_data_provider.py:203] - 📊 [批次 160/274] 正在扫描 20 只股票...
2026-01-21 14:04:45,756 - logic.realtime_data_provider - INFO - [realtime_data_provider.py:211] - ✅ [批次 160] 成功获取 20 只股票数据
2026-01-21 14:04:45,767 - logic.realtime_data_provider - INFO - [realtime_data_provider.py:203] - 📊 [批次 161/274] 正在扫描 20 只股票...
2026-01-21 14:04:45,791 - logic.realtime_data_provider - INFO - [realtime_data_provider.py:211] - ✅ [批次 161] 成功获取 20 只股票数据
2026-01-21 14:04:45,801 - logic.realtime_data_provider - INFO - [realtime_data_provider.py:203] - 📊 [批次 162/274] 正在扫描 20 只股票...
2026-01-21 14:04:45,826 - logic.realtime_data_provider - INFO - [realtime_data_provider.py:211] - ✅ [批次 162] 成功获取 20 只股票数据
2026-01-21 14:04:45,837 - logic.realtime_data_provider - INFO - [realtime_data_provider.py:203] - 📊 [批次 163/274] 正在扫描 20 只股票...
2026-01-21 14:04:45,863 - logic.realtime_data_provider - INFO - [realtime_data_provider.py:211] - ✅ [批次 163] 成功获取 20 只股票数据
2026-01-21 14:04:45,874 - logic.realtime_data_provider - INFO - [realtime_data_provider.py:203] - 📊 [批次 164/274] 正在扫描 20 只股票...
2026-01-21 14:04:45,922 - logic.realtime_data_provider - INFO - [realtime_data_provider.py:211] - ✅ [批次 164] 成功获取 20 只股票数据
2026-01-21 14:04:45,932 - logic.realtime_data_provider - INFO - [realtime_data_provider.py:203] - 📊 [批次 165/274] 正在扫描 20 只股票...
2026-01-21 14:04:45,961 - logic.realtime_data_provider - INFO - [realtime_data_provider.py:211] - ✅ [批次 165] 成功获取 20 只股票数据
2026-01-21 14:04:45,971 - logic.realtime_data_provider - INFO - [realtime_data_provider.py:203] - 📊 [批次 166/274] 正在扫描 20 只股票...
2026-01-21 14:04:46,006 - logic.realtime_data_provider - INFO - [realtime_data_provider.py:211] - ✅ [批次 166] 成功获取 20 只股票数据
2026-01-21 14:04:46,016 - logic.realtime_data_provider - INFO - [realtime_data_provider.py:203] - 📊 [批次 167/274] 正在扫描 20 只股票...
2026-01-21 14:04:46,046 - logic.realtime_data_provider - INFO - [realtime_data_provider.py:211] - ✅ [批次 167] 成功获取 20 只股票数据
2026-01-21 14:04:46,056 - logic.realtime_data_provider - INFO - [realtime_data_provider.py:203] - 📊 [批次 168/274] 正在扫描 20 只股票...
2026-01-21 14:04:46,079 - logic.realtime_data_provider - INFO - [realtime_data_provider.py:211] - ✅ [批次 168] 成功获取 20 只股票数据
2026-01-21 14:04:46,090 - logic.realtime_data_provider - INFO - [realtime_data_provider.py:203] - 📊 [批次 169/274] 正在扫描 20 只股票...
2026-01-21 14:04:46,116 - logic.realtime_data_provider - INFO - [realtime_data_provider.py:211] - ✅ [批次 169] 成功获取 20 只股票数据
2026-01-21 14:04:46,126 - logic.realtime_data_provider - INFO - [realtime_data_provider.py:203] - 📊 [批次 170/274] 正在扫描 20 只股票...
2026-01-21 14:04:46,170 - logic.realtime_data_provider - INFO - [realtime_data_provider.py:211] - ✅ [批次 170] 成功获取 20 只股票数据
2026-01-21 14:04:46,180 - logic.realtime_data_provider - INFO - [realtime_data_provider.py:203] - 📊 [批次 171/274] 正在扫描 20 只股票...
2026-01-21 14:04:46,212 - logic.realtime_data_provider - INFO - [realtime_data_provider.py:211] - ✅ [批次 171] 成功获取 20 只股票数据
2026-01-21 14:04:46,223 - logic.realtime_data_provider - INFO - [realtime_data_provider.py:203] - 📊 [批次 172/274] 正在扫描 20 只股票...
2026-01-21 14:04:46,248 - logic.realtime_data_provider - INFO - [realtime_data_provider.py:211] - ✅ [批次 172] 成功获取 20 只股票数据
2026-01-21 14:04:46,259 - logic.realtime_data_provider - INFO - [realtime_data_provider.py:203] - 📊 [批次 173/274] 正在扫描 20 只股票...
2026-01-21 14:04:46,285 - logic.realtime_data_provider - INFO - [realtime_data_provider.py:211] - ✅ [批次 173] 成功获取 20 只股票数据
2026-01-21 14:04:46,295 - logic.realtime_data_provider - INFO - [realtime_data_provider.py:203] - 📊 [批次 174/274] 正在扫描 20 只股票...
2026-01-21 14:04:46,321 - logic.realtime_data_provider - INFO - [realtime_data_provider.py:211] - ✅ [批次 174] 成功获取 20 只股票数据
2026-01-21 14:04:46,331 - logic.realtime_data_provider - INFO - [realtime_data_provider.py:203] - 📊 [批次 175/274] 正在扫描 20 只股票...
2026-01-21 14:04:46,357 - logic.realtime_data_provider - INFO - [realtime_data_provider.py:211] - ✅ [批次 175] 成功获取 20 只股票数据
2026-01-21 14:04:46,367 - logic.realtime_data_provider - INFO - [realtime_data_provider.py:203] - 📊 [批次 176/274] 正在扫描 20 只股票...
2026-01-21 14:04:46,395 - logic.realtime_data_provider - INFO - [realtime_data_provider.py:211] - ✅ [批次 176] 成功获取 20 只股票数据
2026-01-21 14:04:46,406 - logic.realtime_data_provider - INFO - [realtime_data_provider.py:203] - 📊 [批次 177/274] 正在扫描 20 只股票...
2026-01-21 14:04:46,430 - logic.realtime_data_provider - INFO - [realtime_data_provider.py:211] - ✅ [批次 177] 成功获取 20 只股票数据
2026-01-21 14:04:46,440 - logic.realtime_data_provider - INFO - [realtime_data_provider.py:203] - 📊 [批次 178/274] 正在扫描 20 只股票...
2026-01-21 14:04:46,467 - logic.realtime_data_provider - INFO - [realtime_data_provider.py:211] - ✅ [批次 178] 成功获取 20 只股票数据
2026-01-21 14:04:46,477 - logic.realtime_data_provider - INFO - [realtime_data_provider.py:203] - 📊 [批次 179/274] 正在扫描 20 只股票...
2026-01-21 14:04:46,506 - logic.realtime_data_provider - INFO - [realtime_data_provider.py:211] - ✅ [批次 179] 成功获取 20 只股票数据
2026-01-21 14:04:46,516 - logic.realtime_data_provider - INFO - [realtime_data_provider.py:203] - 📊 [批次 180/274] 正在扫描 20 只股票...
2026-01-21 14:04:46,552 - logic.realtime_data_provider - INFO - [realtime_data_provider.py:211] - ✅ [批次 180] 成功获取 20 只股票数据
2026-01-21 14:04:46,563 - logic.realtime_data_provider - INFO - [realtime_data_provider.py:203] - 📊 [批次 181/274] 正在扫描 20 只股票...
2026-01-21 14:04:46,597 - logic.realtime_data_provider - INFO - [realtime_data_provider.py:211] - ✅ [批次 181] 成功获取 20 只股票数据
2026-01-21 14:04:46,607 - logic.realtime_data_provider - INFO - [realtime_data_provider.py:203] - 📊 [批次 182/274] 正在扫描 20 只股票...
2026-01-21 14:04:46,631 - logic.realtime_data_provider - INFO - [realtime_data_provider.py:211] - ✅ [批次 182] 成功获取 20 只股票数据
2026-01-21 14:04:46,642 - logic.realtime_data_provider - INFO - [realtime_data_provider.py:203] - 📊 [批次 183/274] 正在扫描 20 只股票...
2026-01-21 14:04:46,673 - logic.realtime_data_provider - INFO - [realtime_data_provider.py:211] - ✅ [批次 183] 成功获取 20 只股票数据
2026-01-21 14:04:46,684 - logic.realtime_data_provider - INFO - [realtime_data_provider.py:203] - 📊 [批次 184/274] 正在扫描 20 只股票...
2026-01-21 14:04:46,712 - logic.realtime_data_provider - INFO - [realtime_data_provider.py:211] - ✅ [批次 184] 成功获取 20 只股票数据
2026-01-21 14:04:46,722 - logic.realtime_data_provider - INFO - [realtime_data_provider.py:203] - 📊 [批次 185/274] 正在扫描 20 只股票...
2026-01-21 14:04:46,799 - logic.realtime_data_provider - INFO - [realtime_data_provider.py:211] - ✅ [批次 185] 成功获取 20 只股票数据
2026-01-21 14:04:46,809 - logic.realtime_data_provider - INFO - [realtime_data_provider.py:203] - 📊 [批次 186/274] 正在扫描 20 只股票...
2026-01-21 14:04:46,859 - logic.realtime_data_provider - INFO - [realtime_data_provider.py:211] - ✅ [批次 186] 成功获取 20 只股票数据
2026-01-21 14:04:46,870 - logic.realtime_data_provider - INFO - [realtime_data_provider.py:203] - 📊 [批次 187/274] 正在扫描 20 只股票...
2026-01-21 14:04:46,895 - logic.realtime_data_provider - INFO - [realtime_data_provider.py:211] - ✅ [批次 187] 成功获取 20 只股票数据
2026-01-21 14:04:46,906 - logic.realtime_data_provider - INFO - [realtime_data_provider.py:203] - 📊 [批次 188/274] 正在扫描 20 只股票...
2026-01-21 14:04:46,932 - logic.realtime_data_provider - INFO - [realtime_data_provider.py:211] - ✅ [批次 188] 成功获取 20 只股票数据
2026-01-21 14:04:46,943 - logic.realtime_data_provider - INFO - [realtime_data_provider.py:203] - 📊 [批次 189/274] 正在扫描 20 只股票...
2026-01-21 14:04:46,968 - logic.realtime_data_provider - INFO - [realtime_data_provider.py:211] - ✅ [批次 189] 成功获取 20 只股票数据
2026-01-21 14:04:46,979 - logic.realtime_data_provider - INFO - [realtime_data_provider.py:203] - 📊 [批次 190/274] 正在扫描 20 只股票...
2026-01-21 14:04:47,010 - logic.realtime_data_provider - INFO - [realtime_data_provider.py:211] - ✅ [批次 190] 成功获取 20 只股票数据
2026-01-21 14:04:47,020 - logic.realtime_data_provider - INFO - [realtime_data_provider.py:203] - 📊 [批次 191/274] 正在扫描 20 只股票...
2026-01-21 14:04:47,045 - logic.realtime_data_provider - INFO - [realtime_data_provider.py:211] - ✅ [批次 191] 成功获取 20 只股票数据
2026-01-21 14:04:47,056 - logic.realtime_data_provider - INFO - [realtime_data_provider.py:203] - 📊 [批次 192/274] 正在扫描 20 只股票...
2026-01-21 14:04:47,082 - logic.realtime_data_provider - INFO - [realtime_data_provider.py:211] - ✅ [批次 192] 成功获取 20 只股票数据
2026-01-21 14:04:47,092 - logic.realtime_data_provider - INFO - [realtime_data_provider.py:203] - 📊 [批次 193/274] 正在扫描 20 只股票...
2026-01-21 14:04:47,127 - logic.realtime_data_provider - INFO - [realtime_data_provider.py:211] - ✅ [批次 193] 成功获取 20 只股票数据
2026-01-21 14:04:47,137 - logic.realtime_data_provider - INFO - [realtime_data_provider.py:203] - 📊 [批次 194/274] 正在扫描 20 只股票...
2026-01-21 14:04:47,171 - logic.realtime_data_provider - INFO - [realtime_data_provider.py:211] - ✅ [批次 194] 成功获取 20 只股票数据
2026-01-21 14:04:47,181 - logic.realtime_data_provider - INFO - [realtime_data_provider.py:203] - 📊 [批次 195/274] 正在扫描 20 只股票...
2026-01-21 14:04:47,208 - logic.realtime_data_provider - INFO - [realtime_data_provider.py:211] - ✅ [批次 195] 成功获取 20 只股票数据
2026-01-21 14:04:47,218 - logic.realtime_data_provider - INFO - [realtime_data_provider.py:203] - 📊 [批次 196/274] 正在扫描 20 只股票...
2026-01-21 14:04:47,247 - logic.realtime_data_provider - INFO - [realtime_data_provider.py:211] - ✅ [批次 196] 成功获取 20 只股票数据
2026-01-21 14:04:47,257 - logic.realtime_data_provider - INFO - [realtime_data_provider.py:203] - 📊 [批次 197/274] 正在扫描 20 只股票...
2026-01-21 14:04:47,284 - logic.realtime_data_provider - INFO - [realtime_data_provider.py:211] - ✅ [批次 197] 成功获取 20 只股票数据
2026-01-21 14:04:47,294 - logic.realtime_data_provider - INFO - [realtime_data_provider.py:203] - 📊 [批次 198/274] 正在扫描 20 只股票...
2026-01-21 14:04:47,321 - logic.realtime_data_provider - INFO - [realtime_data_provider.py:211] - ✅ [批次 198] 成功获取 20 只股票数据
2026-01-21 14:04:47,334 - logic.realtime_data_provider - INFO - [realtime_data_provider.py:203] - 📊 [批次 199/274] 正在扫描 20 只股票...
2026-01-21 14:04:47,364 - logic.realtime_data_provider - INFO - [realtime_data_provider.py:211] - ✅ [批次 199] 成功获取 20 只股票数据
2026-01-21 14:04:47,374 - logic.realtime_data_provider - INFO - [realtime_data_provider.py:203] - 📊 [批次 200/274] 正在扫描 20 只股票...
2026-01-21 14:04:47,402 - logic.realtime_data_provider - INFO - [realtime_data_provider.py:211] - ✅ [批次 200] 成功获取 20 只股票数据
2026-01-21 14:04:47,412 - logic.realtime_data_provider - INFO - [realtime_data_provider.py:203] - 📊 [批次 201/274] 正在扫描 20 只股票...
2026-01-21 14:04:47,442 - logic.realtime_data_provider - INFO - [realtime_data_provider.py:211] - ✅ [批次 201] 成功获取 20 只股票数据
2026-01-21 14:04:47,453 - logic.realtime_data_provider - INFO - [realtime_data_provider.py:203] - 📊 [批次 202/274] 正在扫描 20 只股票...
2026-01-21 14:04:47,481 - logic.realtime_data_provider - INFO - [realtime_data_provider.py:211] - ✅ [批次 202] 成功获取 20 只股票数据
2026-01-21 14:04:47,491 - logic.realtime_data_provider - INFO - [realtime_data_provider.py:203] - 📊 [批次 203/274] 正在扫描 20 只股票...
2026-01-21 14:04:47,515 - logic.realtime_data_provider - INFO - [realtime_data_provider.py:211] - ✅ [批次 203] 成功获取 20 只股票数据
2026-01-21 14:04:47,525 - logic.realtime_data_provider - INFO - [realtime_data_provider.py:203] - 📊 [批次 204/274] 正在扫描 20 只股票...
2026-01-21 14:04:47,551 - logic.realtime_data_provider - INFO - [realtime_data_provider.py:211] - ✅ [批次 204] 成功获取 20 只股票数据
2026-01-21 14:04:47,562 - logic.realtime_data_provider - INFO - [realtime_data_provider.py:203] - 📊 [批次 205/274] 正在扫描 20 只股票...
2026-01-21 14:04:47,591 - logic.realtime_data_provider - INFO - [realtime_data_provider.py:211] - ✅ [批次 205] 成功获取 20 只股票数据
2026-01-21 14:04:47,601 - logic.realtime_data_provider - INFO - [realtime_data_provider.py:203] - 📊 [批次 206/274] 正在扫描 20 只股票...
2026-01-21 14:04:47,630 - logic.realtime_data_provider - INFO - [realtime_data_provider.py:211] - ✅ [批次 206] 成功获取 20 只股票数据
2026-01-21 14:04:47,641 - logic.realtime_data_provider - INFO - [realtime_data_provider.py:203] - 📊 [批次 207/274] 正在扫描 20 只股票...
2026-01-21 14:04:47,670 - logic.realtime_data_provider - INFO - [realtime_data_provider.py:211] - ✅ [批次 207] 成功获取 20 只股票数据
2026-01-21 14:04:47,680 - logic.realtime_data_provider - INFO - [realtime_data_provider.py:203] - 📊 [批次 208/274] 正在扫描 20 只股票...
2026-01-21 14:04:47,706 - logic.realtime_data_provider - INFO - [realtime_data_provider.py:211] - ✅ [批次 208] 成功获取 20 只股票数据
2026-01-21 14:04:47,717 - logic.realtime_data_provider - INFO - [realtime_data_provider.py:203] - 📊 [批次 209/274] 正在扫描 20 只股票...
2026-01-21 14:04:47,744 - logic.realtime_data_provider - INFO - [realtime_data_provider.py:211] - ✅ [批次 209] 成功获取 20 只股票数据
2026-01-21 14:04:47,754 - logic.realtime_data_provider - INFO - [realtime_data_provider.py:203] - 📊 [批次 210/274] 正在扫描 20 只股票...
2026-01-21 14:04:47,778 - logic.realtime_data_provider - INFO - [realtime_data_provider.py:211] - ✅ [批次 210] 成功获取 20 只股票数据
2026-01-21 14:04:47,788 - logic.realtime_data_provider - INFO - [realtime_data_provider.py:203] - 📊 [批次 211/274] 正在扫描 20 只股票...
2026-01-21 14:04:47,813 - logic.realtime_data_provider - INFO - [realtime_data_provider.py:211] - ✅ [批次 211] 成功获取 20 只股票数据
2026-01-21 14:04:47,823 - logic.realtime_data_provider - INFO - [realtime_data_provider.py:203] - 📊 [批次 212/274] 正在扫描 20 只股票...
2026-01-21 14:04:47,851 - logic.realtime_data_provider - INFO - [realtime_data_provider.py:211] - ✅ [批次 212] 成功获取 20 只股票数据
2026-01-21 14:04:47,862 - logic.realtime_data_provider - INFO - [realtime_data_provider.py:203] - 📊 [批次 213/274] 正在扫描 20 只股票...
2026-01-21 14:04:47,908 - logic.realtime_data_provider - INFO - [realtime_data_provider.py:211] - ✅ [批次 213] 成功获取 20 只股票数据
2026-01-21 14:04:47,918 - logic.realtime_data_provider - INFO - [realtime_data_provider.py:203] - 📊 [批次 214/274] 正在扫描 20 只股票...
2026-01-21 14:04:47,942 - logic.realtime_data_provider - INFO - [realtime_data_provider.py:211] - ✅ [批次 214] 成功获取 20 只股票数据
2026-01-21 14:04:47,952 - logic.realtime_data_provider - INFO - [realtime_data_provider.py:203] - 📊 [批次 215/274] 正在扫描 20 只股票...
2026-01-21 14:04:47,979 - logic.realtime_data_provider - INFO - [realtime_data_provider.py:211] - ✅ [批次 215] 成功获取 20 只股票数据
2026-01-21 14:04:47,990 - logic.realtime_data_provider - INFO - [realtime_data_provider.py:203] - 📊 [批次 216/274] 正在扫描 20 只股票...
2026-01-21 14:04:48,016 - logic.realtime_data_provider - INFO - [realtime_data_provider.py:211] - ✅ [批次 216] 成功获取 20 只股票数据
2026-01-21 14:04:48,027 - logic.realtime_data_provider - INFO - [realtime_data_provider.py:203] - 📊 [批次 217/274] 正在扫描 20 只股票...
2026-01-21 14:04:48,053 - logic.realtime_data_provider - INFO - [realtime_data_provider.py:211] - ✅ [批次 217] 成功获取 20 只股票数据
2026-01-21 14:04:48,063 - logic.realtime_data_provider - INFO - [realtime_data_provider.py:203] - 📊 [批次 218/274] 正在扫描 20 只股票...
2026-01-21 14:04:48,090 - logic.realtime_data_provider - INFO - [realtime_data_provider.py:211] - ✅ [批次 218] 成功获取 20 只股票数据
2026-01-21 14:04:48,100 - logic.realtime_data_provider - INFO - [realtime_data_provider.py:203] - 📊 [批次 219/274] 正在扫描 20 只股票...
2026-01-21 14:04:48,127 - logic.realtime_data_provider - INFO - [realtime_data_provider.py:211] - ✅ [批次 219] 成功获取 20 只股票数据
2026-01-21 14:04:48,137 - logic.realtime_data_provider - INFO - [realtime_data_provider.py:203] - 📊 [批次 220/274] 正在扫描 20 只股票...
2026-01-21 14:04:48,161 - logic.realtime_data_provider - INFO - [realtime_data_provider.py:211] - ✅ [批次 220] 成功获取 20 只股票数据
2026-01-21 14:04:48,171 - logic.realtime_data_provider - INFO - [realtime_data_provider.py:203] - 📊 [批次 221/274] 正在扫描 20 只股票...
2026-01-21 14:04:48,199 - logic.realtime_data_provider - INFO - [realtime_data_provider.py:211] - ✅ [批次 221] 成功获取 20 只股票数据
2026-01-21 14:04:48,210 - logic.realtime_data_provider - INFO - [realtime_data_provider.py:203] - 📊 [批次 222/274] 正在扫描 20 只股票...
2026-01-21 14:04:48,235 - logic.realtime_data_provider - INFO - [realtime_data_provider.py:211] - ✅ [批次 222] 成功获取 20 只股票数据
2026-01-21 14:04:48,246 - logic.realtime_data_provider - INFO - [realtime_data_provider.py:203] - 📊 [批次 223/274] 正在扫描 20 只股票...
2026-01-21 14:04:48,281 - logic.realtime_data_provider - INFO - [realtime_data_provider.py:211] - ✅ [批次 223] 成功获取 20 只股票数据
2026-01-21 14:04:48,291 - logic.realtime_data_provider - INFO - [realtime_data_provider.py:203] - 📊 [批次 224/274] 正在扫描 20 只股票...
2026-01-21 14:04:48,321 - logic.realtime_data_provider - INFO - [realtime_data_provider.py:211] - ✅ [批次 224] 成功获取 20 只股票数据
2026-01-21 14:04:48,332 - logic.realtime_data_provider - INFO - [realtime_data_provider.py:203] - 📊 [批次 225/274] 正在扫描 20 只股票...
2026-01-21 14:04:48,360 - logic.realtime_data_provider - INFO - [realtime_data_provider.py:211] - ✅ [批次 225] 成功获取 20 只股票数据
2026-01-21 14:04:48,370 - logic.realtime_data_provider - INFO - [realtime_data_provider.py:203] - 📊 [批次 226/274] 正在扫描 20 只股票...
2026-01-21 14:04:48,395 - logic.realtime_data_provider - INFO - [realtime_data_provider.py:211] - ✅ [批次 226] 成功获取 20 只股票数据
2026-01-21 14:04:48,405 - logic.realtime_data_provider - INFO - [realtime_data_provider.py:203] - 📊 [批次 227/274] 正在扫描 20 只股票...
2026-01-21 14:04:48,429 - logic.realtime_data_provider - INFO - [realtime_data_provider.py:211] - ✅ [批次 227] 成功获取 20 只股票数据
2026-01-21 14:04:48,439 - logic.realtime_data_provider - INFO - [realtime_data_provider.py:203] - 📊 [批次 228/274] 正在扫描 20 只股票...
2026-01-21 14:04:48,465 - logic.realtime_data_provider - INFO - [realtime_data_provider.py:211] - ✅ [批次 228] 成功获取 20 只股票数据
2026-01-21 14:04:48,476 - logic.realtime_data_provider - INFO - [realtime_data_provider.py:203] - 📊 [批次 229/274] 正在扫描 20 只股票...
2026-01-21 14:04:48,500 - logic.realtime_data_provider - INFO - [realtime_data_provider.py:211] - ✅ [批次 229] 成功获取 20 只股票数据
2026-01-21 14:04:48,510 - logic.realtime_data_provider - INFO - [realtime_data_provider.py:203] - 📊 [批次 230/274] 正在扫描 20 只股票...
2026-01-21 14:04:48,536 - logic.realtime_data_provider - INFO - [realtime_data_provider.py:211] - ✅ [批次 230] 成功获取 20 只股票数据
2026-01-21 14:04:48,546 - logic.realtime_data_provider - INFO - [realtime_data_provider.py:203] - 📊 [批次 231/274] 正在扫描 20 只股票...
2026-01-21 14:04:48,572 - logic.realtime_data_provider - INFO - [realtime_data_provider.py:211] - ✅ [批次 231] 成功获取 20 只股票数据
2026-01-21 14:04:48,582 - logic.realtime_data_provider - INFO - [realtime_data_provider.py:203] - 📊 [批次 232/274] 正在扫描 20 只股票...
2026-01-21 14:04:48,617 - logic.realtime_data_provider - INFO - [realtime_data_provider.py:211] - ✅ [批次 232] 成功获取 20 只股票数据
2026-01-21 14:04:48,631 - logic.realtime_data_provider - INFO - [realtime_data_provider.py:203] - 📊 [批次 233/274] 正在扫描 20 只股票...
2026-01-21 14:04:48,669 - logic.realtime_data_provider - INFO - [realtime_data_provider.py:211] - ✅ [批次 233] 成功获取 20 只股票数据
2026-01-21 14:04:48,680 - logic.realtime_data_provider - INFO - [realtime_data_provider.py:203] - 📊 [批次 234/274] 正在扫描 20 只股票...
2026-01-21 14:04:48,705 - logic.realtime_data_provider - INFO - [realtime_data_provider.py:211] - ✅ [批次 234] 成功获取 20 只股票数据
2026-01-21 14:04:48,716 - logic.realtime_data_provider - INFO - [realtime_data_provider.py:203] - 📊 [批次 235/274] 正在扫描 20 只股票...
2026-01-21 14:04:48,741 - logic.realtime_data_provider - INFO - [realtime_data_provider.py:211] - ✅ [批次 235] 成功获取 20 只股票数据
2026-01-21 14:04:48,752 - logic.realtime_data_provider - INFO - [realtime_data_provider.py:203] - 📊 [批次 236/274] 正在扫描 20 只股票...
2026-01-21 14:04:48,777 - logic.realtime_data_provider - INFO - [realtime_data_provider.py:211] - ✅ [批次 236] 成功获取 20 只股票数据
2026-01-21 14:04:48,788 - logic.realtime_data_provider - INFO - [realtime_data_provider.py:203] - 📊 [批次 237/274] 正在扫描 20 只股票...
2026-01-21 14:04:48,811 - logic.realtime_data_provider - INFO - [realtime_data_provider.py:211] - ✅ [批次 237] 成功获取 20 只股票数据
2026-01-21 14:04:48,821 - logic.realtime_data_provider - INFO - [realtime_data_provider.py:203] - 📊 [批次 238/274] 正在扫描 20 只股票...
2026-01-21 14:04:48,845 - logic.realtime_data_provider - INFO - [realtime_data_provider.py:211] - ✅ [批次 238] 成功获取 20 只股票数据
2026-01-21 14:04:48,856 - logic.realtime_data_provider - INFO - [realtime_data_provider.py:203] - 📊 [批次 239/274] 正在扫描 20 只股票...
2026-01-21 14:04:48,880 - logic.realtime_data_provider - INFO - [realtime_data_provider.py:211] - ✅ [批次 239] 成功获取 20 只股票数据
2026-01-21 14:04:48,891 - logic.realtime_data_provider - INFO - [realtime_data_provider.py:203] - 📊 [批次 240/274] 正在扫描 20 只股票...
2026-01-21 14:04:48,915 - logic.realtime_data_provider - INFO - [realtime_data_provider.py:211] - ✅ [批次 240] 成功获取 20 只股票数据
2026-01-21 14:04:48,926 - logic.realtime_data_provider - INFO - [realtime_data_provider.py:203] - 📊 [批次 241/274] 正在扫描 20 只股票...
2026-01-21 14:04:48,955 - logic.realtime_data_provider - INFO - [realtime_data_provider.py:211] - ✅ [批次 241] 成功获取 20 只股票数据
2026-01-21 14:04:48,965 - logic.realtime_data_provider - INFO - [realtime_data_provider.py:203] - 📊 [批次 242/274] 正在扫描 20 只股票...
2026-01-21 14:04:48,996 - logic.realtime_data_provider - INFO - [realtime_data_provider.py:211] - ✅ [批次 242] 成功获取 20 只股票数据
2026-01-21 14:04:49,006 - logic.realtime_data_provider - INFO - [realtime_data_provider.py:203] - 📊 [批次 243/274] 正在扫描 20 只股票...
2026-01-21 14:04:49,035 - logic.realtime_data_provider - INFO - [realtime_data_provider.py:211] - ✅ [批次 243] 成功获取 20 只股票数据
2026-01-21 14:04:49,045 - logic.realtime_data_provider - INFO - [realtime_data_provider.py:203] - 📊 [批次 244/274] 正在扫描 20 只股票...
2026-01-21 14:04:49,082 - logic.realtime_data_provider - INFO - [realtime_data_provider.py:211] - ✅ [批次 244] 成功获取 20 只股票数据
2026-01-21 14:04:49,092 - logic.realtime_data_provider - INFO - [realtime_data_provider.py:203] - 📊 [批次 245/274] 正在扫描 20 只股票...
2026-01-21 14:04:49,120 - logic.realtime_data_provider - INFO - [realtime_data_provider.py:211] - ✅ [批次 245] 成功获取 20 只股票数据
2026-01-21 14:04:49,130 - logic.realtime_data_provider - INFO - [realtime_data_provider.py:203] - 📊 [批次 246/274] 正在扫描 20 只股票...
2026-01-21 14:04:49,168 - logic.realtime_data_provider - INFO - [realtime_data_provider.py:211] - ✅ [批次 246] 成功获取 20 只股票数据
2026-01-21 14:04:49,179 - logic.realtime_data_provider - INFO - [realtime_data_provider.py:203] - 📊 [批次 247/274] 正在扫描 20 只股票...
2026-01-21 14:04:49,208 - logic.realtime_data_provider - INFO - [realtime_data_provider.py:211] - ✅ [批次 247] 成功获取 20 只股票数据
2026-01-21 14:04:49,218 - logic.realtime_data_provider - INFO - [realtime_data_provider.py:203] - 📊 [批次 248/274] 正在扫描 20 只股票...
2026-01-21 14:04:49,245 - logic.realtime_data_provider - INFO - [realtime_data_provider.py:211] - ✅ [批次 248] 成功获取 20 只股票数据
2026-01-21 14:04:49,255 - logic.realtime_data_provider - INFO - [realtime_data_provider.py:203] - 📊 [批次 249/274] 正在扫描 20 只股票...
2026-01-21 14:04:49,280 - logic.realtime_data_provider - INFO - [realtime_data_provider.py:211] - ✅ [批次 249] 成功获取 20 只股票数据
2026-01-21 14:04:49,291 - logic.realtime_data_provider - INFO - [realtime_data_provider.py:203] - 📊 [批次 250/274] 正在扫描 20 只股票...
2026-01-21 14:04:49,317 - logic.realtime_data_provider - INFO - [realtime_data_provider.py:211] - ✅ [批次 250] 成功获取 20 只股票数据
2026-01-21 14:04:49,327 - logic.realtime_data_provider - INFO - [realtime_data_provider.py:203] - 📊 [批次 251/274] 正在扫描 20 只股票...
2026-01-21 14:04:49,351 - logic.realtime_data_provider - INFO - [realtime_data_provider.py:211] - ✅ [批次 251] 成功获取 20 只股票数据
2026-01-21 14:04:49,362 - logic.realtime_data_provider - INFO - [realtime_data_provider.py:203] - 📊 [批次 252/274] 正在扫描 20 只股票...
2026-01-21 14:04:49,387 - logic.realtime_data_provider - INFO - [realtime_data_provider.py:211] - ✅ [批次 252] 成功获取 20 只股票数据
2026-01-21 14:04:49,397 - logic.realtime_data_provider - INFO - [realtime_data_provider.py:203] - 📊 [批次 253/274] 正在扫描 20 只股票...
2026-01-21 14:04:49,423 - logic.realtime_data_provider - INFO - [realtime_data_provider.py:211] - ✅ [批次 253] 成功获取 20 只股票数据
2026-01-21 14:04:49,433 - logic.realtime_data_provider - INFO - [realtime_data_provider.py:203] - 📊 [批次 254/274] 正在扫描 20 只股票...
2026-01-21 14:04:49,463 - logic.realtime_data_provider - INFO - [realtime_data_provider.py:211] - ✅ [批次 254] 成功获取 20 只股票数据
2026-01-21 14:04:49,482 - logic.realtime_data_provider - INFO - [realtime_data_provider.py:203] - 📊 [批次 255/274] 正在扫描 20 只股票...
2026-01-21 14:04:49,528 - logic.realtime_data_provider - INFO - [realtime_data_provider.py:211] - ✅ [批次 255] 成功获取 20 只股票数据
2026-01-21 14:04:49,539 - logic.realtime_data_provider - INFO - [realtime_data_provider.py:203] - 📊 [批次 256/274] 正在扫描 20 只股票...
2026-01-21 14:04:49,567 - logic.realtime_data_provider - INFO - [realtime_data_provider.py:211] - ✅ [批次 256] 成功获取 20 只股票数据
2026-01-21 14:04:49,578 - logic.realtime_data_provider - INFO - [realtime_data_provider.py:203] - 📊 [批次 257/274] 正在扫描 20 只股票...
2026-01-21 14:04:49,616 - logic.realtime_data_provider - INFO - [realtime_data_provider.py:211] - ✅ [批次 257] 成功获取 20 只股票数据
2026-01-21 14:04:49,626 - logic.realtime_data_provider - INFO - [realtime_data_provider.py:203] - 📊 [批次 258/274] 正在扫描 20 只股票...
2026-01-21 14:04:49,665 - logic.realtime_data_provider - INFO - [realtime_data_provider.py:211] - ✅ [批次 258] 成功获取 20 只股票数据
2026-01-21 14:04:49,675 - logic.realtime_data_provider - INFO - [realtime_data_provider.py:203] - 📊 [批次 259/274] 正在扫描 20 只股票...
2026-01-21 14:04:49,705 - logic.realtime_data_provider - INFO - [realtime_data_provider.py:211] - ✅ [批次 259] 成功获取 20 只股票数据
2026-01-21 14:04:49,716 - logic.realtime_data_provider - INFO - [realtime_data_provider.py:203] - 📊 [批次 260/274] 正在扫描 20 只股票...
2026-01-21 14:04:49,744 - logic.realtime_data_provider - INFO - [realtime_data_provider.py:211] - ✅ [批次 260] 成功获取 20 只股票数据
2026-01-21 14:04:49,754 - logic.realtime_data_provider - INFO - [realtime_data_provider.py:203] - 📊 [批次 261/274] 正在扫描 20 只股票...
2026-01-21 14:04:49,783 - logic.realtime_data_provider - INFO - [realtime_data_provider.py:211] - ✅ [批次 261] 成功获取 20 只股票数据
2026-01-21 14:04:49,793 - logic.realtime_data_provider - INFO - [realtime_data_provider.py:203] - 📊 [批次 262/274] 正在扫描 20 只股票...
2026-01-21 14:04:49,823 - logic.realtime_data_provider - INFO - [realtime_data_provider.py:211] - ✅ [批次 262] 成功获取 20 只股票数据
2026-01-21 14:04:49,834 - logic.realtime_data_provider - INFO - [realtime_data_provider.py:203] - 📊 [批次 263/274] 正在扫描 20 只股票...
2026-01-21 14:04:49,863 - logic.realtime_data_provider - INFO - [realtime_data_provider.py:211] - ✅ [批次 263] 成功获取 20 只股票数据
2026-01-21 14:04:49,873 - logic.realtime_data_provider - INFO - [realtime_data_provider.py:203] - 📊 [批次 264/274] 正在扫描 20 只股票...
2026-01-21 14:04:49,903 - logic.realtime_data_provider - INFO - [realtime_data_provider.py:211] - ✅ [批次 264] 成功获取 20 只股票数据
2026-01-21 14:04:49,913 - logic.realtime_data_provider - INFO - [realtime_data_provider.py:203] - 📊 [批次 265/274] 正在扫描 20 只股票...
2026-01-21 14:04:49,942 - logic.realtime_data_provider - INFO - [realtime_data_provider.py:211] - ✅ [批次 265] 成功获取 20 只股票数据
2026-01-21 14:04:49,952 - logic.realtime_data_provider - INFO - [realtime_data_provider.py:203] - 📊 [批次 266/274] 正在扫描 20 只股票...
2026-01-21 14:04:49,982 - logic.realtime_data_provider - INFO - [realtime_data_provider.py:211] - ✅ [批次 266] 成功获取 20 只股票数据
2026-01-21 14:04:49,992 - logic.realtime_data_provider - INFO - [realtime_data_provider.py:203] - 📊 [批次 267/274] 正在扫描 20 只股票...
2026-01-21 14:04:50,022 - logic.realtime_data_provider - INFO - [realtime_data_provider.py:211] - ✅ [批次 267] 成功获取 20 只股票数据
2026-01-21 14:04:50,033 - logic.realtime_data_provider - INFO - [realtime_data_provider.py:203] - 📊 [批次 268/274] 正在扫描 20 只股票...
2026-01-21 14:04:50,058 - logic.realtime_data_provider - INFO - [realtime_data_provider.py:211] - ✅ [批次 268] 成功获取 20 只股票数据
2026-01-21 14:04:50,069 - logic.realtime_data_provider - INFO - [realtime_data_provider.py:203] - 📊 [批次 269/274] 正在扫描 20 只股票...
2026-01-21 14:04:50,095 - logic.realtime_data_provider - INFO - [realtime_data_provider.py:211] - ✅ [批次 269] 成功获取 20 只股票数据
2026-01-21 14:04:50,105 - logic.realtime_data_provider - INFO - [realtime_data_provider.py:203] - 📊 [批次 270/274] 正在扫描 20 只股票...
2026-01-21 14:04:50,131 - logic.realtime_data_provider - INFO - [realtime_data_provider.py:211] - ✅ [批次 270] 成功获取 20 只股票数据
2026-01-21 14:04:50,141 - logic.realtime_data_provider - INFO - [realtime_data_provider.py:203] - 📊 [批次 271/274] 正在扫描 20 只股票...
2026-01-21 14:04:50,167 - logic.realtime_data_provider - INFO - [realtime_data_provider.py:211] - ✅ [批次 271] 成功获取 20 只股票数据
2026-01-21 14:04:50,187 - logic.realtime_data_provider - INFO - [realtime_data_provider.py:203] - 📊 [批次 272/274] 正在扫描 20 只股票...
2026-01-21 14:04:50,224 - logic.realtime_data_provider - INFO - [realtime_data_provider.py:211] - ✅ [批次 272] 成功获取 20 只股票数据
2026-01-21 14:04:50,235 - logic.realtime_data_provider - INFO - [realtime_data_provider.py:203] - 📊 [批次 273/274] 正在扫描 20 只股票...
2026-01-21 14:04:50,261 - logic.realtime_data_provider - INFO - [realtime_data_provider.py:211] - ✅ [批次 273] 成功获取 20 只股票数据
2026-01-21 14:04:50,272 - logic.realtime_data_provider - INFO - [realtime_data_provider.py:203] - 📊 [批次 274/274] 正在扫描 13 只股票...
2026-01-21 14:04:50,299 - logic.realtime_data_provider - INFO - [realtime_data_provider.py:211] - ✅ [批次 274] 成功获取 13 只股票数据
2026-01-21 14:04:50,309 - logic.realtime_data_provider - INFO - [realtime_data_provider.py:244] - ✅ [盲扫模式] 批次处理完成，共获取 5473 只股票数据
2026-01-21 14:04:50,466 - logic.algo - INFO - [algo.py:3848] - ✅ 实时数据获取完成，获取到 5473 只股票数据
2026-01-21 14:04:50,468 - logic.algo - INFO - [algo.py:3937] - 初步筛选后保留 26 只候选股票
2026-01-21 14:04:50,469 - logic.algo - INFO - [algo.py:3940] - 开始批量加载 26 只候选股票的历史数据...
2026-01-21 14:04:50,918 - logic.realtime_data_provider - ERROR - [realtime_data_provider.py:464] - 获取历史数据失败: HTTPSConnectionPool(host='push2his.eastmoney.com', port=443): Max retries exceeded with url: /api/qt/stock/kline/get?fields1=f1%2Cf2%2Cf3%2Cf4%2Cf5%2Cf6&fields2=f51%2Cf52%2Cf53%2Cf54%2Cf55%2Cf56%2Cf57%2Cf58%2Cf59%2Cf60%2Cf61%2Cf116&ut=7eea3edcaed734bea9cbfc24409ed989&klt=101&fqt=1&secid=0.sz300606&beg=19700101&end=20500101 (Caused by ProxyError('Unable to connect to proxy', RemoteDisconnected('Remote end closed connection without response')))
2026-01-21 14:04:51,342 - logic.realtime_data_provider - ERROR - [realtime_data_provider.py:464] - 获取历史数据失败: HTTPSConnectionPool(host='push2his.eastmoney.com', port=443): Max retries exceeded with url: /api/qt/stock/kline/get?fields1=f1%2Cf2%2Cf3%2Cf4%2Cf5%2Cf6&fields2=f51%2Cf52%2Cf53%2Cf54%2Cf55%2Cf56%2Cf57%2Cf58%2Cf59%2Cf60%2Cf61%2Cf116&ut=7eea3edcaed734bea9cbfc24409ed989&klt=101&fqt=1&secid=0.sz301590&beg=19700101&end=20500101 (Caused by ProxyError('Unable to connect to proxy', RemoteDisconnected('Remote end closed connection without response')))
2026-01-21 14:04:51,757 - logic.realtime_data_provider - ERROR - [realtime_data_provider.py:464] - 获取历史数据失败: HTTPSConnectionPool(host='push2his.eastmoney.com', port=443): Max retries exceeded with url: /api/qt/stock/kline/get?fields1=f1%2Cf2%2Cf3%2Cf4%2Cf5%2Cf6&fields2=f51%2Cf52%2Cf53%2Cf54%2Cf55%2Cf56%2Cf57%2Cf58%2Cf59%2Cf60%2Cf61%2Cf116&ut=7eea3edcaed734bea9cbfc24409ed989&klt=101&fqt=1&secid=0.sh688630&beg=19700101&end=20500101 (Caused by ProxyError('Unable to connect to proxy', RemoteDisconnected('Remote end closed connection without response')))
2026-01-21 14:04:52,181 - logic.realtime_data_provider - ERROR - [realtime_data_provider.py:464] - 获取历史数据失败: HTTPSConnectionPool(host='push2his.eastmoney.com', port=443): Max retries exceeded with url: /api/qt/stock/kline/get?fields1=f1%2Cf2%2Cf3%2Cf4%2Cf5%2Cf6&fields2=f51%2Cf52%2Cf53%2Cf54%2Cf55%2Cf56%2Cf57%2Cf58%2Cf59%2Cf60%2Cf61%2Cf116&ut=7eea3edcaed734bea9cbfc24409ed989&klt=101&fqt=1&secid=0.sz300490&beg=19700101&end=20500101 (Caused by ProxyError('Unable to connect to proxy', RemoteDisconnected('Remote end closed connection without response')))
2026-01-21 14:04:52,597 - logic.realtime_data_provider - ERROR - [realtime_data_provider.py:464] - 获取历史数据失败: HTTPSConnectionPool(host='push2his.eastmoney.com', port=443): Max retries exceeded with url: /api/qt/stock/kline/get?fields1=f1%2Cf2%2Cf3%2Cf4%2Cf5%2Cf6&fields2=f51%2Cf52%2Cf53%2Cf54%2Cf55%2Cf56%2Cf57%2Cf58%2Cf59%2Cf60%2Cf61%2Cf116&ut=7eea3edcaed734bea9cbfc24409ed989&klt=101&fqt=1&secid=0.sz300139&beg=19700101&end=20500101 (Caused by ProxyError('Unable to connect to proxy', RemoteDisconnected('Remote end closed connection without response')))
2026-01-21 14:04:53,013 - logic.realtime_data_provider - ERROR - [realtime_data_provider.py:464] - 获取历史数据失败: HTTPSConnectionPool(host='push2his.eastmoney.com', port=443): Max retries exceeded with url: /api/qt/stock/kline/get?fields1=f1%2Cf2%2Cf3%2Cf4%2Cf5%2Cf6&fields2=f51%2Cf52%2Cf53%2Cf54%2Cf55%2Cf56%2Cf57%2Cf58%2Cf59%2Cf60%2Cf61%2Cf116&ut=7eea3edcaed734bea9cbfc24409ed989&klt=101&fqt=1&secid=0.sh688277&beg=19700101&end=20500101 (Caused by ProxyError('Unable to connect to proxy', RemoteDisconnected('Remote end closed connection without response')))
2026-01-21 14:04:53,435 - logic.realtime_data_provider - ERROR - [realtime_data_provider.py:464] - 获取历史数据失败: HTTPSConnectionPool(host='push2his.eastmoney.com', port=443): Max retries exceeded with url: /api/qt/stock/kline/get?fields1=f1%2Cf2%2Cf3%2Cf4%2Cf5%2Cf6&fields2=f51%2Cf52%2Cf53%2Cf54%2Cf55%2Cf56%2Cf57%2Cf58%2Cf59%2Cf60%2Cf61%2Cf116&ut=7eea3edcaed734bea9cbfc24409ed989&klt=101&fqt=1&secid=0.sh688691&beg=19700101&end=20500101 (Caused by ProxyError('Unable to connect to proxy', RemoteDisconnected('Remote end closed connection without response')))
2026-01-21 14:04:53,861 - logic.realtime_data_provider - ERROR - [realtime_data_provider.py:464] - 获取历史数据失败: HTTPSConnectionPool(host='push2his.eastmoney.com', port=443): Max retries exceeded with url: /api/qt/stock/kline/get?fields1=f1%2Cf2%2Cf3%2Cf4%2Cf5%2Cf6&fields2=f51%2Cf52%2Cf53%2Cf54%2Cf55%2Cf56%2Cf57%2Cf58%2Cf59%2Cf60%2Cf61%2Cf116&ut=7eea3edcaed734bea9cbfc24409ed989&klt=101&fqt=1&secid=0.sz300757&beg=19700101&end=20500101 (Caused by ProxyError('Unable to connect to proxy', RemoteDisconnected('Remote end closed connection without response')))
2026-01-21 14:04:54,281 - logic.realtime_data_provider - ERROR - [realtime_data_provider.py:464] - 获取历史数据失败: HTTPSConnectionPool(host='push2his.eastmoney.com', port=443): Max retries exceeded with url: /api/qt/stock/kline/get?fields1=f1%2Cf2%2Cf3%2Cf4%2Cf5%2Cf6&fields2=f51%2Cf52%2Cf53%2Cf54%2Cf55%2Cf56%2Cf57%2Cf58%2Cf59%2Cf60%2Cf61%2Cf116&ut=7eea3edcaed734bea9cbfc24409ed989&klt=101&fqt=1&secid=0.sz300731&beg=19700101&end=20500101 (Caused by ProxyError('Unable to connect to proxy', RemoteDisconnected('Remote end closed connection without response')))
2026-01-21 14:04:54,719 - logic.realtime_data_provider - ERROR - [realtime_data_provider.py:464] - 获取历史数据失败: HTTPSConnectionPool(host='push2his.eastmoney.com', port=443): Max retries exceeded with url: /api/qt/stock/kline/get?fields1=f1%2Cf2%2Cf3%2Cf4%2Cf5%2Cf6&fields2=f51%2Cf52%2Cf53%2Cf54%2Cf55%2Cf56%2Cf57%2Cf58%2Cf59%2Cf60%2Cf61%2Cf116&ut=7eea3edcaed734bea9cbfc24409ed989&klt=101&fqt=1&secid=0.sh688622&beg=19700101&end=20500101 (Caused by ProxyError('Unable to connect to proxy', RemoteDisconnected('Remote end closed connection without response')))
2026-01-21 14:04:55,130 - logic.realtime_data_provider - ERROR - [realtime_data_provider.py:464] - 获取历史数据失败: HTTPSConnectionPool(host='push2his.eastmoney.com', port=443): Max retries exceeded with url: /api/qt/stock/kline/get?fields1=f1%2Cf2%2Cf3%2Cf4%2Cf5%2Cf6&fields2=f51%2Cf52%2Cf53%2Cf54%2Cf55%2Cf56%2Cf57%2Cf58%2Cf59%2Cf60%2Cf61%2Cf116&ut=7eea3edcaed734bea9cbfc24409ed989&klt=101&fqt=1&secid=0.sh688041&beg=19700101&end=20500101 (Caused by ProxyError('Unable to connect to proxy', RemoteDisconnected('Remote end closed connection without response')))
2026-01-21 14:04:55,561 - logic.realtime_data_provider - ERROR - [realtime_data_provider.py:464] - 获取历史数据失败: HTTPSConnectionPool(host='push2his.eastmoney.com', port=443): Max retries exceeded with url: /api/qt/stock/kline/get?fields1=f1%2Cf2%2Cf3%2Cf4%2Cf5%2Cf6&fields2=f51%2Cf52%2Cf53%2Cf54%2Cf55%2Cf56%2Cf57%2Cf58%2Cf59%2Cf60%2Cf61%2Cf116&ut=7eea3edcaed734bea9cbfc24409ed989&klt=101&fqt=1&secid=0.sh688141&beg=19700101&end=20500101 (Caused by ProxyError('Unable to connect to proxy', RemoteDisconnected('Remote end closed connection without response')))
2026-01-21 14:04:56,018 - logic.realtime_data_provider - ERROR - [realtime_data_provider.py:464] - 获取历史数据失败: HTTPSConnectionPool(host='push2his.eastmoney.com', port=443): Max retries exceeded with url: /api/qt/stock/kline/get?fields1=f1%2Cf2%2Cf3%2Cf4%2Cf5%2Cf6&fields2=f51%2Cf52%2Cf53%2Cf54%2Cf55%2Cf56%2Cf57%2Cf58%2Cf59%2Cf60%2Cf61%2Cf116&ut=7eea3edcaed734bea9cbfc24409ed989&klt=101&fqt=1&secid=0.sz300903&beg=19700101&end=20500101 (Caused by ProxyError('Unable to connect to proxy', RemoteDisconnected('Remote end closed connection without response')))
2026-01-21 14:04:56,448 - logic.realtime_data_provider - ERROR - [realtime_data_provider.py:464] - 获取历史数据失败: HTTPSConnectionPool(host='push2his.eastmoney.com', port=443): Max retries exceeded with url: /api/qt/stock/kline/get?fields1=f1%2Cf2%2Cf3%2Cf4%2Cf5%2Cf6&fields2=f51%2Cf52%2Cf53%2Cf54%2Cf55%2Cf56%2Cf57%2Cf58%2Cf59%2Cf60%2Cf61%2Cf116&ut=7eea3edcaed734bea9cbfc24409ed989&klt=101&fqt=1&secid=0.sz301205&beg=19700101&end=20500101 (Caused by ProxyError('Unable to connect to proxy', RemoteDisconnected('Remote end closed connection without response')))
2026-01-21 14:04:56,903 - logic.realtime_data_provider - ERROR - [realtime_data_provider.py:464] - 获取历史数据失败: HTTPSConnectionPool(host='push2his.eastmoney.com', port=443): Max retries exceeded with url: /api/qt/stock/kline/get?fields1=f1%2Cf2%2Cf3%2Cf4%2Cf5%2Cf6&fields2=f51%2Cf52%2Cf53%2Cf54%2Cf55%2Cf56%2Cf57%2Cf58%2Cf59%2Cf60%2Cf61%2Cf116&ut=7eea3edcaed734bea9cbfc24409ed989&klt=101&fqt=1&secid=0.sz300651&beg=19700101&end=20500101 (Caused by ProxyError('Unable to connect to proxy', RemoteDisconnected('Remote end closed connection without response')))
2026-01-21 14:04:57,332 - logic.realtime_data_provider - ERROR - [realtime_data_provider.py:464] - 获取历史数据失败: HTTPSConnectionPool(host='push2his.eastmoney.com', port=443): Max retries exceeded with url: /api/qt/stock/kline/get?fields1=f1%2Cf2%2Cf3%2Cf4%2Cf5%2Cf6&fields2=f51%2Cf52%2Cf53%2Cf54%2Cf55%2Cf56%2Cf57%2Cf58%2Cf59%2Cf60%2Cf61%2Cf116&ut=7eea3edcaed734bea9cbfc24409ed989&klt=101&fqt=1&secid=0.sh688008&beg=19700101&end=20500101 (Caused by ProxyError('Unable to connect to proxy', RemoteDisconnected('Remote end closed connection without response')))
2026-01-21 14:04:57,738 - logic.realtime_data_provider - ERROR - [realtime_data_provider.py:464] - 获取历史数据失败: HTTPSConnectionPool(host='push2his.eastmoney.com', port=443): Max retries exceeded with url: /api/qt/stock/kline/get?fields1=f1%2Cf2%2Cf3%2Cf4%2Cf5%2Cf6&fields2=f51%2Cf52%2Cf53%2Cf54%2Cf55%2Cf56%2Cf57%2Cf58%2Cf59%2Cf60%2Cf61%2Cf116&ut=7eea3edcaed734bea9cbfc24409ed989&klt=101&fqt=1&secid=0.sz301283&beg=19700101&end=20500101 (Caused by ProxyError('Unable to connect to proxy', RemoteDisconnected('Remote end closed connection without response')))
2026-01-21 14:04:58,143 - logic.realtime_data_provider - ERROR - [realtime_data_provider.py:464] - 获取历史数据失败: HTTPSConnectionPool(host='push2his.eastmoney.com', port=443): Max retries exceeded with url: /api/qt/stock/kline/get?fields1=f1%2Cf2%2Cf3%2Cf4%2Cf5%2Cf6&fields2=f51%2Cf52%2Cf53%2Cf54%2Cf55%2Cf56%2Cf57%2Cf58%2Cf59%2Cf60%2Cf61%2Cf116&ut=7eea3edcaed734bea9cbfc24409ed989&klt=101&fqt=1&secid=0.sh688576&beg=19700101&end=20500101 (Caused by ProxyError('Unable to connect to proxy', RemoteDisconnected('Remote end closed connection without response')))
2026-01-21 14:04:58,567 - logic.realtime_data_provider - ERROR - [realtime_data_provider.py:464] - 获取历史数据失败: HTTPSConnectionPool(host='push2his.eastmoney.com', port=443): Max retries exceeded with url: /api/qt/stock/kline/get?fields1=f1%2Cf2%2Cf3%2Cf4%2Cf5%2Cf6&fields2=f51%2Cf52%2Cf53%2Cf54%2Cf55%2Cf56%2Cf57%2Cf58%2Cf59%2Cf60%2Cf61%2Cf116&ut=7eea3edcaed734bea9cbfc24409ed989&klt=101&fqt=1&secid=0.sh688135&beg=19700101&end=20500101 (Caused by ProxyError('Unable to connect to proxy', RemoteDisconnected('Remote end closed connection without response')))
2026-01-21 14:04:59,145 - logic.realtime_data_provider - ERROR - [realtime_data_provider.py:464] - 获取历史数据失败: HTTPSConnectionPool(host='push2his.eastmoney.com', port=443): Max retries exceeded with url: /api/qt/stock/kline/get?fields1=f1%2Cf2%2Cf3%2Cf4%2Cf5%2Cf6&fields2=f51%2Cf52%2Cf53%2Cf54%2Cf55%2Cf56%2Cf57%2Cf58%2Cf59%2Cf60%2Cf61%2Cf116&ut=7eea3edcaed734bea9cbfc24409ed989&klt=101&fqt=1&secid=0.sz301200&beg=19700101&end=20500101 (Caused by ProxyError('Unable to connect to proxy', RemoteDisconnected('Remote end closed connection without response')))
2026-01-21 14:04:59,566 - logic.realtime_data_provider - ERROR - [realtime_data_provider.py:464] - 获取历史数据失败: HTTPSConnectionPool(host='push2his.eastmoney.com', port=443): Max retries exceeded with url: /api/qt/stock/kline/get?fields1=f1%2Cf2%2Cf3%2Cf4%2Cf5%2Cf6&fields2=f51%2Cf52%2Cf53%2Cf54%2Cf55%2Cf56%2Cf57%2Cf58%2Cf59%2Cf60%2Cf61%2Cf116&ut=7eea3edcaed734bea9cbfc24409ed989&klt=101&fqt=1&secid=0.sz300671&beg=19700101&end=20500101 (Caused by ProxyError('Unable to connect to proxy', RemoteDisconnected('Remote end closed connection without response')))
2026-01-21 14:05:00,006 - logic.realtime_data_provider - ERROR - [realtime_data_provider.py:464] - 获取历史数据失败: HTTPSConnectionPool(host='push2his.eastmoney.com', port=443): Max retries exceeded with url: /api/qt/stock/kline/get?fields1=f1%2Cf2%2Cf3%2Cf4%2Cf5%2Cf6&fields2=f51%2Cf52%2Cf53%2Cf54%2Cf55%2Cf56%2Cf57%2Cf58%2Cf59%2Cf60%2Cf61%2Cf116&ut=7eea3edcaed734bea9cbfc24409ed989&klt=101&fqt=1&secid=0.sz300830&beg=19700101&end=20500101 (Caused by ProxyError('Unable to connect to proxy', RemoteDisconnected('Remote end closed connection without response')))
2026-01-21 14:05:00,446 - logic.realtime_data_provider - ERROR - [realtime_data_provider.py:464] - 获取历史数据失败: HTTPSConnectionPool(host='push2his.eastmoney.com', port=443): Max retries exceeded with url: /api/qt/stock/kline/get?fields1=f1%2Cf2%2Cf3%2Cf4%2Cf5%2Cf6&fields2=f51%2Cf52%2Cf53%2Cf54%2Cf55%2Cf56%2Cf57%2Cf58%2Cf59%2Cf60%2Cf61%2Cf116&ut=7eea3edcaed734bea9cbfc24409ed989&klt=101&fqt=1&secid=0.sh688536&beg=19700101&end=20500101 (Caused by ProxyError('Unable to connect to proxy', RemoteDisconnected('Remote end closed connection without response')))
2026-01-21 14:05:00,885 - logic.realtime_data_provider - ERROR - [realtime_data_provider.py:464] - 获取历史数据失败: HTTPSConnectionPool(host='push2his.eastmoney.com', port=443): Max retries exceeded with url: /api/qt/stock/kline/get?fields1=f1%2Cf2%2Cf3%2Cf4%2Cf5%2Cf6&fields2=f51%2Cf52%2Cf53%2Cf54%2Cf55%2Cf56%2Cf57%2Cf58%2Cf59%2Cf60%2Cf61%2Cf116&ut=7eea3edcaed734bea9cbfc24409ed989&klt=101&fqt=1&secid=0.sz300854&beg=19700101&end=20500101 (Caused by ProxyError('Unable to connect to proxy', RemoteDisconnected('Remote end closed connection without response')))
2026-01-21 14:05:01,303 - logic.realtime_data_provider - ERROR - [realtime_data_provider.py:464] - 获取历史数据失败: HTTPSConnectionPool(host='push2his.eastmoney.com', port=443): Max retries exceeded with url: /api/qt/stock/kline/get?fields1=f1%2Cf2%2Cf3%2Cf4%2Cf5%2Cf6&fields2=f51%2Cf52%2Cf53%2Cf54%2Cf55%2Cf56%2Cf57%2Cf58%2Cf59%2Cf60%2Cf61%2Cf116&ut=7eea3edcaed734bea9cbfc24409ed989&klt=101&fqt=1&secid=0.sz300626&beg=19700101&end=20500101 (Caused by ProxyError('Unable to connect to proxy', RemoteDisconnected('Remote end closed connection without response')))
2026-01-21 14:05:01,739 - logic.realtime_data_provider - ERROR - [realtime_data_provider.py:464] - 获取历史数据失败: HTTPSConnectionPool(host='push2his.eastmoney.com', port=443): Max retries exceeded with url: /api/qt/stock/kline/get?fields1=f1%2Cf2%2Cf3%2Cf4%2Cf5%2Cf6&fields2=f51%2Cf52%2Cf53%2Cf54%2Cf55%2Cf56%2Cf57%2Cf58%2Cf59%2Cf60%2Cf61%2Cf116&ut=7eea3edcaed734bea9cbfc24409ed989&klt=101&fqt=1&secid=0.sh688502&beg=19700101&end=20500101 (Caused by ProxyError('Unable to connect to proxy', RemoteDisconnected('Remote end closed connection without response')))
2026-01-21 14:05:01,739 - logic.algo - INFO - [algo.py:3950] - ✅ 历史数据加载完成，成功加载 0 只股票
2026-01-21 14:05:01,740 - logic.algo - INFO - [algo.py:3953] - 🦖 启动V9.0游资掠食者系统检查...
2026-01-21 14:05:01,741 - logic.predator_system - WARNING - [predator_system.py:261] - 身份与涨幅错配：300606 - 20cm股票涨幅18.09%
2026-01-21 14:05:01,741 - logic.predator_system - WARNING - [predator_system.py:261] - 身份与涨幅错配：301590 - 20cm股票涨幅17.99%
2026-01-21 14:05:01,741 - logic.predator_system - WARNING - [predator_system.py:261] - 身份与涨幅错配：688630 - 20cm股票涨幅17.05%
2026-01-21 14:05:01,741 - logic.predator_system - WARNING - [predator_system.py:261] - 身份与涨幅错配：300490 - 20cm股票涨幅14.91%
2026-01-21 14:05:01,741 - logic.predator_system - WARNING - [predator_system.py:261] - 身份与涨幅错配：300139 - 20cm股票涨幅14.75%
2026-01-21 14:05:01,741 - logic.predator_system - WARNING - [predator_system.py:261] - 身份与涨幅错配：688277 - 20cm股票涨幅14.59%
2026-01-21 14:05:01,741 - logic.predator_system - WARNING - [predator_system.py:261] - 身份与涨幅错配：688691 - 20cm股票涨幅14.24%
2026-01-21 14:05:01,741 - logic.predator_system - WARNING - [predator_system.py:261] - 身份与涨幅错配：300757 - 20cm股票涨幅13.56%
2026-01-21 14:05:01,741 - logic.predator_system - WARNING - [predator_system.py:261] - 身份与涨幅错配：300731 - 20cm股票涨幅13.48%
2026-01-21 14:05:01,741 - logic.predator_system - WARNING - [predator_system.py:261] - 身份与涨幅错配：688622 - 20cm股票涨幅13.20%
2026-01-21 14:05:01,741 - logic.predator_system - WARNING - [predator_system.py:261] - 身份与涨幅错配：688041 - 20cm股票涨幅12.96%
2026-01-21 14:05:01,741 - logic.predator_system - WARNING - [predator_system.py:261] - 身份与涨幅错配：688141 - 20cm股票涨幅12.80%
2026-01-21 14:05:01,741 - logic.predator_system - WARNING - [predator_system.py:261] - 身份与涨幅错配：300903 - 20cm股票涨幅12.53%
2026-01-21 14:05:01,741 - logic.predator_system - WARNING - [predator_system.py:261] - 身份与涨幅错配：301205 - 20cm股票涨幅12.52%
2026-01-21 14:05:01,741 - logic.predator_system - WARNING - [predator_system.py:261] - 身份与涨幅错配：300651 - 20cm股票涨幅12.38%
2026-01-21 14:05:01,741 - logic.predator_system - WARNING - [predator_system.py:261] - 身份与涨幅错配：688008 - 20cm股票涨幅12.20%
2026-01-21 14:05:01,741 - logic.predator_system - WARNING - [predator_system.py:261] - 身份与涨幅错配：301283 - 20cm股票涨幅11.51%
2026-01-21 14:05:01,741 - logic.predator_system - WARNING - [predator_system.py:261] - 身份与涨幅错配：688576 - 20cm股票涨幅11.49%
2026-01-21 14:05:01,741 - logic.predator_system - WARNING - [predator_system.py:261] - 身份与涨幅错配：688135 - 20cm股票涨幅11.33%
2026-01-21 14:05:01,741 - logic.predator_system - WARNING - [predator_system.py:261] - 身份与涨幅错配：301200 - 20cm股票涨幅10.81%
2026-01-21 14:05:01,741 - logic.predator_system - WARNING - [predator_system.py:261] - 身份与涨幅错配：300671 - 20cm股票涨幅10.75%
2026-01-21 14:05:01,741 - logic.predator_system - WARNING - [predator_system.py:261] - 身份与涨幅错配：300830 - 20cm股票涨幅10.64%
2026-01-21 14:05:01,741 - logic.predator_system - WARNING - [predator_system.py:261] - 身份与涨幅错配：688536 - 20cm股票涨幅10.61%
2026-01-21 14:05:01,741 - logic.predator_system - WARNING - [predator_system.py:261] - 身份与涨幅错配：300854 - 20cm股票涨幅10.54%
2026-01-21 14:05:01,741 - logic.predator_system - WARNING - [predator_system.py:261] - 身份与涨幅错配：300626 - 20cm股票涨幅10.29%
2026-01-21 14:05:01,741 - logic.predator_system - WARNING - [predator_system.py:261] - 身份与涨幅错配：688502 - 20cm股票涨幅10.26%
2026-01-21 14:05:01,741 - logic.algo - INFO - [algo.py:3991] - 🦖 V9.0检查完成，从26只中排除了0只，保留26只
2026-01-21 14:05:01,743 - logic.algo - INFO - [algo.py:4171] - ✅ 并行分析完成，找到 3 只符合条件的股票

📊 扫描结果:
  数据状态: 正常
  扫描数量: 3
  符合条件数量: 3

📋 前 0 只符合条件的股票:
================================================================================

================================================================================
✅ 测试完成！
================================================================================

✅ 所有 0 只股票的换手率和量比都正确获取！
                                               
